Component: ARM Compiler 5.06 update 3 (build 300) Tool: armlink [4d35c9]

==============================================================================

Section Cross References

    main.o(.text) refers to _printf_pad.o(.text) for _printf_pre_padding
    main.o(.text) refers to _printf_percent.o(.ARM.Collect$$_printf_percent$$00000000) for _printf_percent
    main.o(.text) refers to _printf_d.o(.ARM.Collect$$_printf_percent$$00000009) for _printf_d
    main.o(.text) refers to _printf_dec.o(.text) for _printf_int_dec
    main.o(.text) refers to oled.o(.text) for OLED_ShowNum
    main.o(.text) refers to near.o(.text) for near_read
    main.o(.text) refers to stm32f4xx_gpio.o(.text) for GPIO_SetBits
    main.o(.text) refers to besicmovement.o(.text) for SUM_YAW
    main.o(.text) refers to runingcontrol.o(.text) for X_Y_ANGELE_AIM
    main.o(.text) refers to misc.o(.text) for NVIC_PriorityGroupConfig
    main.o(.text) refers to delay.o(.text) for delay_init
    main.o(.text) refers to common.o(.text) for Peripherals_init
    main.o(.text) refers to 24l01.o(.text) for NRF24L01_RX_Mode
    main.o(.text) refers to top_rx_tx.o(.text) for gd_control
    main.o(.text) refers to camear_tx_rx.o(.text) for camear_color
    main.o(.text) refers to control.o(.bss) for var
    main.o(.text) refers to map_rx_tx.o(.bss) for MAP_data
    main.o(.text) refers to top_rx_tx.o(.data) for TOP_STATUS
    main.o(.text) refers to camear_tx_rx.o(.data) for TARGET_READ
    main.o(.text) refers to main.o(.data) for PLAN_flag
    main.o(.text) refers to panda.o(.data) for RED_STEP
    main.o(.text) refers to rtc.o(.text) for usetime_clear
    main.o(.text) refers to panda.o(.text) for PANDA_RED
    main.o(.text) refers to remotecontrol.o(.text) for Remote_control
    main.o(.text) refers to key.o(.text) for KEY_Scan
    main.o(.text) refers to usart.o(.text) for USART_SendWare
    main.o(.text) refers to stm32f4xx_rtc.o(.text) for RTC_GetTime
    main.o(.text) refers to noretval__2sprintf.o(.text) for __2sprintf
    system_stm32f4xx.o(.text) refers to system_stm32f4xx.o(.data) for SystemCoreClock
    common.o(.text) refers to led.o(.text) for LED_Init
    common.o(.text) refers to key.o(.text) for KEY_Init
    common.o(.text) refers to oled.o(.text) for OLED_Init
    common.o(.text) refers to usart.o(.text) for USART_INIT
    common.o(.text) refers to control.o(.text) for motor_encodeinit
    common.o(.text) refers to exit.o(.text) for EXTIX_Init
    common.o(.text) refers to near.o(.text) for near_inint
    common.o(.text) refers to rtc.o(.text) for My_RTC_Init
    common.o(.text) refers to stm32f4xx_gpio.o(.text) for GPIO_ResetBits
    common.o(.text) refers to times.o(.text) for TIMERx_init
    common.o(.text) refers to 24l01.o(.text) for NRF24L01_Init
    common.o(.text) refers to camear_tx_rx.o(.text) for camear_cmd
    common.o(.text) refers to runingcontrol.o(.text) for Camear_control_init
    common.o(.text) refers to delay.o(.text) for delay_ms
    startup_stm32f40_41xxx.o(STACK) refers (Special) to heapauxi.o(.text) for __use_two_region_memory
    startup_stm32f40_41xxx.o(HEAP) refers (Special) to heapauxi.o(.text) for __use_two_region_memory
    startup_stm32f40_41xxx.o(RESET) refers (Special) to heapauxi.o(.text) for __use_two_region_memory
    startup_stm32f40_41xxx.o(RESET) refers to startup_stm32f40_41xxx.o(STACK) for __initial_sp
    startup_stm32f40_41xxx.o(RESET) refers to startup_stm32f40_41xxx.o(.text) for Reset_Handler
    startup_stm32f40_41xxx.o(RESET) refers to stm32f4xx_it.o(.text) for NMI_Handler
    startup_stm32f40_41xxx.o(RESET) refers to rtc.o(.text) for RTC_WKUP_IRQHandler
    startup_stm32f40_41xxx.o(RESET) refers to exit.o(.text) for EXTI0_IRQHandler
    startup_stm32f40_41xxx.o(RESET) refers to times.o(.text) for TIM1_BRK_TIM9_IRQHandler
    startup_stm32f40_41xxx.o(RESET) refers to usart.o(.text) for USART1_IRQHandler
    startup_stm32f40_41xxx.o(RESET) refers to map_rx_tx.o(.text) for USART2_IRQHandler
    startup_stm32f40_41xxx.o(RESET) refers to top_rx_tx.o(.text) for USART3_IRQHandler
    startup_stm32f40_41xxx.o(RESET) refers to camear_tx_rx.o(.text) for UART4_IRQHandler
    startup_stm32f40_41xxx.o(RESET) refers to control.o(.text) for TIM6_DAC_IRQHandler
    startup_stm32f40_41xxx.o(RESET) refers to panda.o(.text) for TIM7_IRQHandler
    startup_stm32f40_41xxx.o(.text) refers (Special) to heapauxi.o(.text) for __use_two_region_memory
    startup_stm32f40_41xxx.o(.text) refers to system_stm32f4xx.o(.text) for SystemInit
    startup_stm32f40_41xxx.o(.text) refers to __main.o(!!!main) for __main
    startup_stm32f40_41xxx.o(.text) refers to startup_stm32f40_41xxx.o(HEAP) for Heap_Mem
    startup_stm32f40_41xxx.o(.text) refers to startup_stm32f40_41xxx.o(STACK) for Stack_Mem
    stm32f4xx_adc.o(.text) refers to stm32f4xx_rcc.o(.text) for RCC_APB2PeriphResetCmd
    stm32f4xx_can.o(.text) refers to stm32f4xx_rcc.o(.text) for RCC_APB1PeriphResetCmd
[...]
    __rt_lib_init_preinit_1                  0x0800024d   Thumb Code     0  libinit2.o(.ARM.Collect$$libinit$$00000004)
    __rt_lib_init_rand_1                     0x0800024d   Thumb Code     0  libinit2.o(.ARM.Collect$$libinit$$0000000E)
    __rt_lib_init_return                     0x0800024d   Thumb Code     0  libinit2.o(.ARM.Collect$$libinit$$00000033)
    __rt_lib_init_signal_1                   0x0800024d   Thumb Code     0  libinit2.o(.ARM.Collect$$libinit$$0000001D)
    __rt_lib_init_stdio_1                    0x0800024d   Thumb Code     0  libinit2.o(.ARM.Collect$$libinit$$00000025)
    __rt_lib_init_user_alloc_1               0x0800024d   Thumb Code     0  libinit2.o(.ARM.Collect$$libinit$$0000000C)
    __rt_lib_shutdown                        0x0800024f   Thumb Code     0  libshutdown.o(.ARM.Collect$$libshutdown$$00000000)
    __rt_lib_shutdown_cpp_1                  0x08000251   Thumb Code     0  libshutdown2.o(.ARM.Collect$$libshutdown$$00000002)
    __rt_lib_shutdown_fp_trap_1              0x08000251   Thumb Code     0  libshutdown2.o(.ARM.Collect$$libshutdown$$00000007)
    __rt_lib_shutdown_heap_1                 0x08000251   Thumb Code     0  libshutdown2.o(.ARM.Collect$$libshutdown$$0000000F)
    __rt_lib_shutdown_return                 0x08000251   Thumb Code     0  libshutdown2.o(.ARM.Collect$$libshutdown$$00000010)
    __rt_lib_shutdown_signal_1               0x08000251   Thumb Code     0  libshutdown2.o(.ARM.Collect$$libshutdown$$0000000A)
    __rt_lib_shutdown_stdio_1                0x08000251   Thumb Code     0  libshutdown2.o(.ARM.Collect$$libshutdown$$00000004)
    __rt_lib_shutdown_user_alloc_1           0x08000251   Thumb Code     0  libshutdown2.o(.ARM.Collect$$libshutdown$$0000000C)
    __rt_entry                               0x08000253   Thumb Code     0  __rtentry.o(.ARM.Collect$$rtentry$$00000000)
    __rt_entry_presh_1                       0x08000253   Thumb Code     0  __rtentry2.o(.ARM.Collect$$rtentry$$00000002)
    __rt_entry_sh                            0x08000253   Thumb Code     0  __rtentry4.o(.ARM.Collect$$rtentry$$00000004)
    __rt_entry_li                            0x08000259   Thumb Code     0  __rtentry2.o(.ARM.Collect$$rtentry$$0000000A)
    __rt_entry_postsh_1                      0x08000259   Thumb Code     0  __rtentry2.o(.ARM.Collect$$rtentry$$00000009)
    __rt_entry_main                          0x0800025d   Thumb Code     0  __rtentry2.o(.ARM.Collect$$rtentry$$0000000D)
    __rt_entry_postli_1                      0x0800025d   Thumb Code     0  __rtentry2.o(.ARM.Collect$$rtentry$$0000000C)
    __rt_exit                                0x08000265   Thumb Code     0  rtexit.o(.ARM.Collect$$rtexit$$00000000)
    __rt_exit_ls                             0x08000267   Thumb Code     0  rtexit2.o(.ARM.Collect$$rtexit$$00000003)
    __rt_exit_prels_1                        0x08000267   Thumb Code     0  rtexit2.o(.ARM.Collect$$rtexit$$00000002)
    __rt_exit_exit                           0x0800026b   Thumb Code     0  rtexit2.o(.ARM.Collect$$rtexit$$00000004)
    DATA_SHOW                                0x08000271   Thumb Code   300  main.o(.text)
    text_program                             0x0800039d   Thumb Code   150  main.o(.text)
    main                                     0x08000433   Thumb Code   918  main.o(.text)
    NMI_Handler                              0x080007ed   Thumb Code     2  stm32f4xx_it.o(.text)
    HardFault_Handler                        0x080007ef   Thumb Code     4  stm32f4xx_it.o(.text)
    MemManage_Handler                        0x080007f3   Thumb Code     4  stm32f4xx_it.o(.text)
    BusFault_Handler                         0x080007f7   Thumb Code     4  stm32f4xx_it.o(.text)
    UsageFault_Handler                       0x080007fb   Thumb Code     4  stm32f4xx_it.o(.text)
    SVC_Handler                              0x080007ff   Thumb Code     2  stm32f4xx_it.o(.text)
    DebugMon_Handler                         0x08000801   Thumb Code     2  stm32f4xx_it.o(.text)
    PendSV_Handler                           0x08000803   Thumb Code     2  stm32f4xx_it.o(.text)
    SysTick_Handler                          0x08000805   Thumb Code     2  stm32f4xx_it.o(.text)
    SystemInit                               0x080008e5   Thumb Code    88  system_stm32f4xx.o(.text)
    SystemCoreClockUpdate                    0x0800093d   Thumb Code   174  system_stm32f4xx.o(.text)
    Peripherals_init                         0x08000a19   Thumb Code   154  common.o(.text)
    Reset_Handler                            0x08000abd   Thumb Code     8  startup_stm32f40_41xxx.o(.text)
    ADC_IRQHandler                           0x08000ad7   Thumb Code     0  startup_stm32f40_41xxx.o(.text)
    CAN1_RX0_IRQHandler                      0x08000ad7   Thumb Code     0  startup_stm32f40_41xxx.o(.text)
    CAN1_RX1_IRQHandler                      0x08000ad7   Thumb Code     0  startup_stm32f40_41xxx.o(.text)
    CAN1_SCE_IRQHandler                      0x08000ad7   Thumb Code     0  startup_stm32f40_41xxx.o(.text)
    CAN1_TX_IRQHandler                       0x08000ad7   Thumb Code     0  startup_stm32f40_41xxx.o(.text)
    CAN2_RX0_IRQHandler                      0x08000ad7   Thumb Code     0  startup_stm32f40_41xxx.o(.text)
    CAN2_RX1_IRQHandler                      0x08000ad7   Thumb Code     0  startup_stm32f40_41xxx.o(.text)
    CAN2_SCE_IRQHandler                      0x08000ad7   Thumb Code     0  startup_stm32f40_41xxx.o(.text)
    CAN2_TX_IRQHandler                       0x08000ad7   Thumb Code     0  startup_stm32f40_41xxx.o(.text)
    CRYP_IRQHandler                          0x08000ad7   Thumb Code     0  startup_stm32f40_41xxx.o(.text)
    DCMI_IRQHandler                          0x08000ad7   Thumb Code     0  startup_stm32f40_41xxx.o(.text)
    DMA1_Stream0_IRQHandler                  0x08000ad7   Thumb Code     0  startup_stm32f40_41xxx.o(.text)
    DMA1_Stream1_IRQHandler                  0x08000ad7   Thumb Code     0  startup_stm32f40_41xxx.o(.text)
    DMA1_Stream2_IRQHandler                  0x08000ad7   Thumb Code     0  startup_stm32f40_41xxx.o(.text)
    DMA1_Stream3_IRQHandler                  0x08000ad7   Thumb Code     0  startup_stm32f40_41xxx.o(.text)
    DMA1_Stream4_IRQHandler                  0x08000ad7   Thumb Code     0  startup_stm32f40_41xxx.o(.text)
    DMA1_Stream5_IRQHandler                  0x08000ad7   Thumb Code     0  startup_stm32f40_41xxx.o(.text)
    DMA1_Stream6_IRQHandler                  0x08000ad7   Thumb Code     0  startup_stm32f40_41xxx.o(.text)
    DMA1_Stream7_IRQHandler                  0x08000ad7   Thumb Code     0  startup_stm32f40_41xxx.o(.text)
    DMA2_Stream0_IRQHandler                  0x08000ad7   Thumb Code     0  startup_stm32f40_41xxx.o(.text)
    DMA2_Stream1_IRQHandler                  0x08000ad7   Thumb Code     0  startup_stm32f40_41xxx.o(.text)
    DMA2_Stream2_IRQHandler                  0x08000ad7   Thumb Code     0  startup_stm32f40_41xxx.o(.text)
    DMA2_Stream3_IRQHandler                  0x08000ad7   Thumb Code     0  startup_stm32f40_41xxx.o(.text)
    DMA2_Stream4_IRQHandler                  0x08000ad7   Thumb Code     0  startup_stm32f40_41xxx.o(.text)
    DMA2_Stream5_IRQHandler                  0x08000ad7   Thumb Code     0  startup_stm32f40_41xxx.o(.text)
    DMA2_Stream6_IRQHandler                  0x08000ad7   Thumb Code     0  startup_stm32f40_41xxx.o(.text)
    DMA2_Stream7_IRQHandler                  0x08000ad7   Thumb Code     0  startup_stm32f40_41xxx.o(.text)
    ETH_IRQHandler                           0x08000ad7   Thumb Code     0  startup_stm32f40_41xxx.o(.text)
    ETH_WKUP_IRQHandler                      0x08000ad7   Thumb Code     0  startup_stm32f40_41xxx.o(.text)
    EXTI15_10_IRQHandler                     0x08000ad7   Thumb Code     0  startup_stm32f40_41xxx.o(.text)
    EXTI4_IRQHandler                         0x08000ad7   Thumb Code     0  startup_stm32f40_41xxx.o(.text)
    EXTI9_5_IRQHandler                       0x08000ad7   Thumb Code     0  startup_stm32f40_41xxx.o(.text)
    FLASH_IRQHandler                         0x08000ad7   Thumb Code     0  startup_stm32f40_41xxx.o(.text)
    FPU_IRQHandler                           0x08000ad7   Thumb Code     0  startup_stm32f40_41xxx.o(.text)
    FSMC_IRQHandler                          0x08000ad7   Thumb Code     0  startup_stm32f40_41xxx.o(.text)
    HASH_RNG_IRQHandler                      0x08000ad7   Thumb Code     0  startup_stm32f40_41xxx.o(.text)
    I2C1_ER_IRQHandler                       0x08000ad7   Thumb Code     0  startup_stm32f40_41xxx.o(.text)
    I2C1_EV_IRQHandler                       0x08000ad7   Thumb Code     0  startup_stm32f40_41xxx.o(.text)
    I2C2_ER_IRQHandler                       0x08000ad7   Thumb Code     0  startup_stm32f40_41xxx.o(.text)
    I2C2_EV_IRQHandler                       0x08000ad7   Thumb Code     0  startup_stm32f40_41xxx.o(.text)
    I2C3_ER_IRQHandler                       0x08000ad7   Thumb Code     0  startup_stm32f40_41xxx.o(.text)
    I2C3_EV_IRQHandler                       0x08000ad7   Thumb Code     0  startup_stm32f40_41xxx.o(.text)
    OTG_FS_IRQHandler                        0x08000ad7   Thumb Code     0  startup_stm32f40_41xxx.o(.text)
    OTG_FS_WKUP_IRQHandler                   0x08000ad7   Thumb Code     0  startup_stm32f40_41xxx.o(.text)
    OTG_HS_EP1_IN_IRQHandler                 0x08000ad7   Thumb Code     0  startup_stm32f40_41xxx.o(.text)
    OTG_HS_EP1_OUT_IRQHandler                0x08000ad7   Thumb Code     0  startup_stm32f40_41xxx.o(.text)
    OTG_HS_IRQHandler                        0x08000ad7   Thumb Code     0  startup_stm32f40_41xxx.o(.text)
    OTG_HS_WKUP_IRQHandler                   0x08000ad7   Thumb Code     0  startup_stm32f40_41xxx.o(.text)
    PVD_IRQHandler                           0x08000ad7   Thumb Code     0  startup_stm32f40_41xxx.o(.text)
    RCC_IRQHandler                           0x08000ad7   Thumb Code     0  startup_stm32f40_41xxx.o(.text)
    SDIO_IRQHandler                          0x08000ad7   Thumb Code     0  startup_stm32f40_41xxx.o(.text)
    SPI1_IRQHandler                          0x08000ad7   Thumb Code     0  startup_stm32f40_41xxx.o(.text)
    SPI2_IRQHandler                          0x08000ad7   Thumb Code     0  startup_stm32f40_41xxx.o(.text)
    SPI3_IRQHandler                          0x08000ad7   Thumb Code     0  startup_stm32f40_41xxx.o(.text)
    TAMP_STAMP_IRQHandler                    0x08000ad7   Thumb Code     0  startup_stm32f40_41xxx.o(.text)
    TIM1_CC_IRQHandler                       0x08000ad7   Thumb Code     0  startup_stm32f40_41xxx.o(.text)
    TIM8_CC_IRQHandler                       0x08000ad7   Thumb Code     0  startup_stm32f40_41xxx.o(.text)
    UART5_IRQHandler                         0x08000ad7   Thumb Code     0  startup_stm32f40_41xxx.o(.text)
    WWDG_IRQHandler                          0x08000ad7   Thumb Code     0  startup_stm32f40_41xxx.o(.text)
    __user_initial_stackheap                 0x08000ad9   Thumb Code     0  startup_stm32f40_41xxx.o(.text)
    NVIC_PriorityGroupConfig                 0x08000afd   Thumb Code    10  misc.o(.text)
    NVIC_Init                                0x08000b07   Thumb Code   106  misc.o(.text)
    NVIC_SetVectorTable                      0x08000b71   Thumb Code    14  misc.o(.text)
    NVIC_SystemLPConfig                      0x08000b7f   Thumb Code    34  misc.o(.text)
    SysTick_CLKSourceConfig                  0x08000ba1   Thumb Code    40  misc.o(.text)
    EXTI_DeInit                              0x08000bdd   Thumb Code    28  stm32f4xx_exti.o(.text)
    EXTI_Init                                0x08000bf9   Thumb Code   142  stm32f4xx_exti.o(.text)
    EXTI_StructInit                          0x08000c87   Thumb Code    16  stm32f4xx_exti.o(.text)
    EXTI_GenerateSWInterrupt                 0x08000c97   Thumb Code    16  stm32f4xx_exti.o(.text)
    EXTI_GetFlagStatus                       0x08000ca7   Thumb Code    22  stm32f4xx_exti.o(.text)
    EXTI_ClearFlag                           0x08000cbd   Thumb Code     8  stm32f4xx_exti.o(.text)
    EXTI_GetITStatus                         0x08000cc5   Thumb Code    22  stm32f4xx_exti.o(.text)
    EXTI_ClearITPendingBit                   0x08000cdb   Thumb Code     8  stm32f4xx_exti.o(.text)
    GPIO_DeInit                              0x08000ced   Thumb Code   268  stm32f4xx_gpio.o(.text)
    GPIO_Init                                0x08000df9   Thumb Code   144  stm32f4xx_gpio.o(.text)
    GPIO_StructInit                          0x08000e89   Thumb Code    18  stm32f4xx_gpio.o(.text)
    GPIO_PinLockConfig                       0x08000e9b   Thumb Code    34  stm32f4xx_gpio.o(.text)
    GPIO_ReadInputDataBit                    0x08000ebd   Thumb Code    18  stm32f4xx_gpio.o(.text)
    GPIO_ReadInputData                       0x08000ecf   Thumb Code     8  stm32f4xx_gpio.o(.text)
    GPIO_ReadOutputDataBit                   0x08000ed7   Thumb Code    18  stm32f4xx_gpio.o(.text)
    GPIO_ReadOutputData                      0x08000ee9   Thumb Code     8  stm32f4xx_gpio.o(.text)
    GPIO_SetBits                             0x08000ef1   Thumb Code     4  stm32f4xx_gpio.o(.text)
    GPIO_ResetBits                           0x08000ef5   Thumb Code     4  stm32f4xx_gpio.o(.text)
    GPIO_WriteBit                            0x08000ef9   Thumb Code    10  stm32f4xx_gpio.o(.text)
    GPIO_Write                               0x08000f03   Thumb Code     4  stm32f4xx_gpio.o(.text)
    GPIO_ToggleBits                          0x08000f07   Thumb Code     8  stm32f4xx_gpio.o(.text)
    GPIO_PinAFConfig                         0x08000f0f   Thumb Code    70  stm32f4xx_gpio.o(.text)
    PWR_DeInit                               0x08000f81   Thumb Code    22  stm32f4xx_pwr.o(.text)
    PWR_BackupAccessCmd                      0x08000f97   Thumb Code     6  stm32f4xx_pwr.o(.text)
    PWR_PVDLevelConfig                       0x08000f9d   Thumb Code    18  stm32f4xx_pwr.o(.text)
    PWR_PVDCmd                               0x08000faf   Thumb Code     6  stm32f4xx_pwr.o(.text)
    PWR_WakeUpPinCmd                         0x08000fb5   Thumb Code     8  stm32f4xx_pwr.o(.text)
    PWR_BackupRegulatorCmd                   0x08000fbd   Thumb Code     8  stm32f4xx_pwr.o(.text)
    PWR_MainRegulatorModeConfig              0x08000fc5   Thumb Code    18  stm32f4xx_pwr.o(.text)
    PWR_OverDriveCmd                         0x08000fd7   Thumb Code     6  stm32f4xx_pwr.o(.text)
    PWR_OverDriveSWCmd                       0x08000fdd   Thumb Code     6  stm32f4xx_pwr.o(.text)
    PWR_UnderDriveCmd                        0x08000fe3   Thumb Code    30  stm32f4xx_pwr.o(.text)
    PWR_MainRegulatorLowVoltageCmd           0x08001001   Thumb Code    18  stm32f4xx_pwr.o(.text)
    PWR_LowRegulatorLowVoltageCmd            0x08001013   Thumb Code    18  stm32f4xx_pwr.o(.text)
    PWR_FlashPowerDownCmd                    0x08001025   Thumb Code     6  stm32f4xx_pwr.o(.text)
    PWR_EnterSTOPMode                        0x0800102b   Thumb Code    58  stm32f4xx_pwr.o(.text)
    PWR_EnterUnderDriveSTOPMode              0x08001065   Thumb Code    58  stm32f4xx_pwr.o(.text)
    PWR_EnterSTANDBYMode                     0x0800109f   Thumb Code    32  stm32f4xx_pwr.o(.text)
    PWR_GetFlagStatus                        0x080010bf   Thumb Code    20  stm32f4xx_pwr.o(.text)
    PWR_ClearFlag                            0x080010d3   Thumb Code    14  stm32f4xx_pwr.o(.text)
    RCC_DeInit                               0x080010ed   Thumb Code    82  stm32f4xx_rcc.o(.text)
    RCC_HSEConfig                            0x0800113f   Thumb Code    14  stm32f4xx_rcc.o(.text)
    RCC_GetFlagStatus                        0x0800114d   Thumb Code    60  stm32f4xx_rcc.o(.text)
    RCC_WaitForHSEStartUp                    0x08001189   Thumb Code    56  stm32f4xx_rcc.o(.text)
    RCC_AdjustHSICalibrationValue            0x080011c1   Thumb Code    20  stm32f4xx_rcc.o(.text)
    RCC_HSICmd                               0x080011d5   Thumb Code     6  stm32f4xx_rcc.o(.text)
    RCC_LSEConfig                            0x080011db   Thumb Code    46  stm32f4xx_rcc.o(.text)
    RCC_LSICmd                               0x08001209   Thumb Code     6  stm32f4xx_rcc.o(.text)
    RCC_PLLConfig                            0x0800120f   Thumb Code    32  stm32f4xx_rcc.o(.text)
    RCC_PLLCmd                               0x0800122f   Thumb Code     6  stm32f4xx_rcc.o(.text)
    RCC_PLLI2SConfig                         0x08001235   Thumb Code    14  stm32f4xx_rcc.o(.text)
    RCC_PLLI2SCmd                            0x08001243   Thumb Code     6  stm32f4xx_rcc.o(.text)
    RCC_PLLSAIConfig                         0x08001249   Thumb Code    20  stm32f4xx_rcc.o(.text)
    RCC_PLLSAICmd                            0x0800125d   Thumb Code     6  stm32f4xx_rcc.o(.text)
    RCC_ClockSecuritySystemCmd               0x08001263   Thumb Code     6  stm32f4xx_rcc.o(.text)
    RCC_MCO1Config                           0x08001269   Thumb Code    28  stm32f4xx_rcc.o(.text)
    RCC_MCO2Config                           0x08001285   Thumb Code    28  stm32f4xx_rcc.o(.text)
    RCC_SYSCLKConfig                         0x080012a1   Thumb Code    20  stm32f4xx_rcc.o(.text)
    RCC_GetSYSCLKSource                      0x080012b5   Thumb Code    12  stm32f4xx_rcc.o(.text)
    RCC_HCLKConfig                           0x080012c1   Thumb Code    20  stm32f4xx_rcc.o(.text)
    RCC_PCLK1Config                          0x080012d5   Thumb Code    20  stm32f4xx_rcc.o(.text)
    RCC_PCLK2Config                          0x080012e9   Thumb Code    22  stm32f4xx_rcc.o(.text)
    RCC_GetClocksFreq                        0x080012ff   Thumb Code   222  stm32f4xx_rcc.o(.text)
    RCC_RTCCLKConfig                         0x080013dd   Thumb Code    54  stm32f4xx_rcc.o(.text)
    RCC_RTCCLKCmd                            0x08001413   Thumb Code     8  stm32f4xx_rcc.o(.text)
    RCC_BackupResetCmd                       0x0800141b   Thumb Code     8  stm32f4xx_rcc.o(.text)
    RCC_I2SCLKConfig                         0x08001423   Thumb Code     6  stm32f4xx_rcc.o(.text)
    RCC_SAIPLLI2SClkDivConfig                0x08001429   Thumb Code    26  stm32f4xx_rcc.o(.text)
    RCC_SAIPLLSAIClkDivConfig                0x08001443   Thumb Code    28  stm32f4xx_rcc.o(.text)
    RCC_SAIBlockACLKConfig                   0x0800145f   Thumb Code    20  stm32f4xx_rcc.o(.text)
    RCC_SAIBlockBCLKConfig                   0x08001473   Thumb Code    20  stm32f4xx_rcc.o(.text)
    RCC_LTDCCLKDivConfig                     0x08001487   Thumb Code    20  stm32f4xx_rcc.o(.text)
    RCC_TIMCLKPresConfig                     0x0800149b   Thumb Code     6  stm32f4xx_rcc.o(.text)
    RCC_AHB1PeriphClockCmd                   0x080014a1   Thumb Code    34  stm32f4xx_rcc.o(.text)
    RCC_AHB2PeriphClockCmd                   0x080014c3   Thumb Code    78  stm32f4xx_rcc.o(.text)
    RCC_AHB3PeriphClockCmd                   0x08001511   Thumb Code    34  stm32f4xx_rcc.o(.text)
    RCC_APB1PeriphClockCmd                   0x08001533   Thumb Code    34  stm32f4xx_rcc.o(.text)
    RCC_APB2PeriphClockCmd                   0x08001555   Thumb Code    34  stm32f4xx_rcc.o(.text)
    RCC_AHB1PeriphResetCmd                   0x08001577   Thumb Code    34  stm32f4xx_rcc.o(.text)
    RCC_AHB2PeriphResetCmd                   0x08001599   Thumb Code    34  stm32f4xx_rcc.o(.text)
    RCC_AHB3PeriphResetCmd                   0x080015bb   Thumb Code    34  stm32f4xx_rcc.o(.text)
    RCC_APB1PeriphResetCmd                   0x080015dd   Thumb Code    34  stm32f4xx_rcc.o(.text)
    RCC_APB2PeriphResetCmd                   0x080015ff   Thumb Code    34  stm32f4xx_rcc.o(.text)
    RCC_AHB1PeriphClockLPModeCmd             0x08001621   Thumb Code    34  stm32f4xx_rcc.o(.text)
    RCC_AHB2PeriphClockLPModeCmd             0x08001643   Thumb Code    34  stm32f4xx_rcc.o(.text)
    RCC_AHB3PeriphClockLPModeCmd             0x08001665   Thumb Code    34  stm32f4xx_rcc.o(.text)
    RCC_APB1PeriphClockLPModeCmd             0x08001687   Thumb Code    34  stm32f4xx_rcc.o(.text)
    RCC_APB2PeriphClockLPModeCmd             0x080016a9   Thumb Code    34  stm32f4xx_rcc.o(.text)
    RCC_LSEModeConfig                        0x080016cb   Thumb Code    40  stm32f4xx_rcc.o(.text)
    RCC_ITConfig                             0x080016f3   Thumb Code    34  stm32f4xx_rcc.o(.text)
    RCC_ClearFlag                            0x08001715   Thumb Code    18  stm32f4xx_rcc.o(.text)
    RCC_GetITStatus                          0x08001727   Thumb Code    22  stm32f4xx_rcc.o(.text)
    RCC_ClearITPendingBit                    0x0800173d   Thumb Code     8  stm32f4xx_rcc.o(.text)
    RTC_WaitForSynchro                       0x08001749   Thumb Code    92  stm32f4xx_rtc.o(.text)
    RTC_EnterInitMode                        0x080017a5   Thumb Code    84  stm32f4xx_rtc.o(.text)
    RTC_DeInit                               0x080017f9   Thumb Code   204  stm32f4xx_rtc.o(.text)
    RTC_ExitInitMode                         0x080018c5   Thumb Code    18  stm32f4xx_rtc.o(.text)
    RTC_Init                                 0x080018d7   Thumb Code    94  stm32f4xx_rtc.o(.text)
    RTC_StructInit                           0x08001935   Thumb Code    14  stm32f4xx_rtc.o(.text)
    RTC_WriteProtectionCmd                   0x08001943   Thumb Code    22  stm32f4xx_rtc.o(.text)
    RTC_RefClockCmd                          0x08001959   Thumb Code    76  stm32f4xx_rtc.o(.text)
    RTC_BypassShadowCmd                      0x080019a5   Thumb Code    54  stm32f4xx_rtc.o(.text)
    RTC_SetTime                              0x08001a0d   Thumb Code   200  stm32f4xx_rtc.o(.text)
    RTC_TimeStructInit                       0x08001ad5   Thumb Code    12  stm32f4xx_rtc.o(.text)
    RTC_GetTime                              0x08001ae1   Thumb Code    74  stm32f4xx_rtc.o(.text)
    RTC_GetSubSecond                         0x08001b2b   Thumb Code    30  stm32f4xx_rtc.o(.text)
    RTC_SetDate                              0x08001b49   Thumb Code   190  stm32f4xx_rtc.o(.text)
    RTC_DateStructInit                       0x08001c07   Thumb Code    14  stm32f4xx_rtc.o(.text)
    RTC_GetDate                              0x08001c15   Thumb Code    70  stm32f4xx_rtc.o(.text)
    RTC_SetAlarm                             0x08001c5b   Thumb Code   230  stm32f4xx_rtc.o(.text)
    RTC_AlarmStructInit                      0x08001d41   Thumb Code    22  stm32f4xx_rtc.o(.text)
    RTC_GetAlarm                             0x08001d57   Thumb Code   114  stm32f4xx_rtc.o(.text)
    RTC_AlarmCmd                             0x08001dc9   Thumb Code   112  stm32f4xx_rtc.o(.text)
    RTC_AlarmSubSecondConfig                 0x08001e39   Thumb Code    46  stm32f4xx_rtc.o(.text)
    RTC_GetAlarmSubSecond                    0x08001e67   Thumb Code    34  stm32f4xx_rtc.o(.text)
    RTC_WakeUpClockConfig                    0x08001e89   Thumb Code    42  stm32f4xx_rtc.o(.text)
    RTC_SetWakeUpCounter                     0x08001eb3   Thumb Code    22  stm32f4xx_rtc.o(.text)
    RTC_GetWakeUpCounter                     0x08001ec9   Thumb Code    10  stm32f4xx_rtc.o(.text)
    RTC_WakeUpCmd                            0x08001ed3   Thumb Code   116  stm32f4xx_rtc.o(.text)
    RTC_DayLightSavingConfig                 0x08001f47   Thumb Code    50  stm32f4xx_rtc.o(.text)
    RTC_GetStoreOperation                    0x08001f79   Thumb Code    12  stm32f4xx_rtc.o(.text)
    RTC_OutputConfig                         0x08001f85   Thumb Code    60  stm32f4xx_rtc.o(.text)
    RTC_CoarseCalibConfig                    0x08001fc1   Thumb Code    52  stm32f4xx_rtc.o(.text)
    RTC_CoarseCalibCmd                       0x08001ff5   Thumb Code    76  stm32f4xx_rtc.o(.text)
    RTC_CalibOutputCmd                       0x08002041   Thumb Code    54  stm32f4xx_rtc.o(.text)
    RTC_CalibOutputConfig                    0x08002077   Thumb Code    42  stm32f4xx_rtc.o(.text)
    RTC_SmoothCalibConfig                    0x080020a1   Thumb Code    90  stm32f4xx_rtc.o(.text)
    RTC_TimeStampCmd                         0x080020fb   Thumb Code    54  stm32f4xx_rtc.o(.text)
    RTC_GetTimeStamp                         0x08002131   Thumb Code   144  stm32f4xx_rtc.o(.text)
    RTC_GetTimeStampSubSecond                0x080021c1   Thumb Code     8  stm32f4xx_rtc.o(.text)
    RTC_TamperTriggerConfig                  0x080021c9   Thumb Code    38  stm32f4xx_rtc.o(.text)
    RTC_TamperCmd                            0x080021ef   Thumb Code    34  stm32f4xx_rtc.o(.text)
    RTC_TamperFilterConfig                   0x08002211   Thumb Code    26  stm32f4xx_rtc.o(.text)
    RTC_TamperSamplingFreqConfig             0x0800222b   Thumb Code    26  stm32f4xx_rtc.o(.text)
    RTC_TamperPinsPrechargeDuration          0x08002245   Thumb Code    26  stm32f4xx_rtc.o(.text)
    RTC_TimeStampOnTamperDetectionCmd        0x0800225f   Thumb Code    38  stm32f4xx_rtc.o(.text)
    RTC_TamperPullUpCmd                      0x08002285   Thumb Code    38  stm32f4xx_rtc.o(.text)
    RTC_WriteBackupRegister                  0x080022ab   Thumb Code    26  stm32f4xx_rtc.o(.text)
    RTC_ReadBackupRegister                   0x080022c5   Thumb Code    28  stm32f4xx_rtc.o(.text)
    RTC_TamperPinSelection                   0x080022e1   Thumb Code    26  stm32f4xx_rtc.o(.text)
    RTC_TimeStampPinSelection                0x080022fb   Thumb Code    26  stm32f4xx_rtc.o(.text)
    RTC_OutputTypeConfig                     0x08002315   Thumb Code    26  stm32f4xx_rtc.o(.text)
    RTC_SynchroShiftConfig                   0x0800232f   Thumb Code   130  stm32f4xx_rtc.o(.text)
    RTC_ITConfig                             0x080023b1   Thumb Code    94  stm32f4xx_rtc.o(.text)
    RTC_GetFlagStatus                        0x0800240f   Thumb Code    34  stm32f4xx_rtc.o(.text)
    RTC_ClearFlag                            0x08002431   Thumb Code    28  stm32f4xx_rtc.o(.text)
    RTC_GetITStatus                          0x0800244d   Thumb Code    60  stm32f4xx_rtc.o(.text)
    RTC_ClearITPendingBit                    0x08002489   Thumb Code    32  stm32f4xx_rtc.o(.text)
    SPI_I2S_DeInit                           0x080024b1   Thumb Code   152  stm32f4xx_spi.o(.text)
    SPI_Init                                 0x08002549   Thumb Code    60  stm32f4xx_spi.o(.text)
    I2S_Init                                 0x08002585   Thumb Code   396  stm32f4xx_spi.o(.text)
    SPI_StructInit                           0x08002711   Thumb Code    24  stm32f4xx_spi.o(.text)
    I2S_StructInit                           0x08002729   Thumb Code    20  stm32f4xx_spi.o(.text)
    SPI_Cmd                                  0x0800273d   Thumb Code    24  stm32f4xx_spi.o(.text)
    I2S_Cmd                                  0x08002755   Thumb Code    24  stm32f4xx_spi.o(.text)
    SPI_DataSizeConfig                       0x0800276d   Thumb Code    18  stm32f4xx_spi.o(.text)
    SPI_BiDirectionalLineConfig              0x0800277f   Thumb Code    28  stm32f4xx_spi.o(.text)
    SPI_NSSInternalSoftwareConfig            0x0800279b   Thumb Code    30  stm32f4xx_spi.o(.text)
    SPI_SSOutputCmd                          0x080027b9   Thumb Code    24  stm32f4xx_spi.o(.text)
    SPI_TIModeCmd                            0x080027d1   Thumb Code    24  stm32f4xx_spi.o(.text)
    I2S_FullDuplexConfig                     0x080027e9   Thumb Code    80  stm32f4xx_spi.o(.text)
    SPI_I2S_ReceiveData                      0x08002839   Thumb Code     6  stm32f4xx_spi.o(.text)
    SPI_I2S_SendData                         0x0800283f   Thumb Code     4  stm32f4xx_spi.o(.text)
    SPI_CalculateCRC                         0x08002843   Thumb Code    24  stm32f4xx_spi.o(.text)
    SPI_TransmitCRC                          0x0800285b   Thumb Code    10  stm32f4xx_spi.o(.text)
    SPI_GetCRC                               0x08002865   Thumb Code    16  stm32f4xx_spi.o(.text)
    SPI_GetCRCPolynomial                     0x08002875   Thumb Code     6  stm32f4xx_spi.o(.text)
    SPI_I2S_DMACmd                           0x0800287b   Thumb Code    18  stm32f4xx_spi.o(.text)
    SPI_I2S_ITConfig                         0x0800288d   Thumb Code    68  stm32f4xx_spi.o(.text)
    SPI_I2S_GetFlagStatus                    0x080028d1   Thumb Code    18  stm32f4xx_spi.o(.text)
    SPI_I2S_ClearFlag                        0x080028e3   Thumb Code     6  stm32f4xx_spi.o(.text)
    SPI_I2S_GetITStatus                      0x080028e9   Thumb Code    52  stm32f4xx_spi.o(.text)
    SPI_I2S_ClearITPendingBit                0x0800291d   Thumb Code    20  stm32f4xx_spi.o(.text)
    SYSCFG_DeInit                            0x08002931   Thumb Code    22  stm32f4xx_syscfg.o(.text)
    SYSCFG_MemoryRemapConfig                 0x08002947   Thumb Code     6  stm32f4xx_syscfg.o(.text)
    SYSCFG_MemorySwappingBank                0x0800294d   Thumb Code     6  stm32f4xx_syscfg.o(.text)
    SYSCFG_EXTILineConfig                    0x08002953   Thumb Code    66  stm32f4xx_syscfg.o(.text)
    SYSCFG_ETH_MediaInterfaceConfig          0x08002995   Thumb Code     8  stm32f4xx_syscfg.o(.text)
    SYSCFG_CompensationCellCmd               0x0800299d   Thumb Code     6  stm32f4xx_syscfg.o(.text)
    SYSCFG_GetCompensationCellStatus         0x080029a3   Thumb Code    22  stm32f4xx_syscfg.o(.text)
    TIM_DeInit                               0x080029c5   Thumb Code   346  stm32f4xx_tim.o(.text)
    TIM_TimeBaseInit                         0x08002b1f   Thumb Code   104  stm32f4xx_tim.o(.text)
    TIM_TimeBaseStructInit                   0x08002b87   Thumb Code    18  stm32f4xx_tim.o(.text)
    TIM_PrescalerConfig                      0x08002b99   Thumb Code     6  stm32f4xx_tim.o(.text)
    TIM_CounterModeConfig                    0x08002b9f   Thumb Code    18  stm32f4xx_tim.o(.text)
    TIM_SetCounter                           0x08002bb1   Thumb Code     4  stm32f4xx_tim.o(.text)
    TIM_SetAutoreload                        0x08002bb5   Thumb Code     4  stm32f4xx_tim.o(.text)
    TIM_GetCounter                           0x08002bb9   Thumb Code     6  stm32f4xx_tim.o(.text)
    TIM_GetPrescaler                         0x08002bbf   Thumb Code     6  stm32f4xx_tim.o(.text)
    TIM_UpdateDisableConfig                  0x08002bc5   Thumb Code    24  stm32f4xx_tim.o(.text)
    TIM_UpdateRequestConfig                  0x08002bdd   Thumb Code    24  stm32f4xx_tim.o(.text)
    TIM_ARRPreloadConfig                     0x08002bf5   Thumb Code    24  stm32f4xx_tim.o(.text)
    TIM_SelectOnePulseMode                   0x08002c0d   Thumb Code    18  stm32f4xx_tim.o(.text)
    TIM_SetClockDivision                     0x08002c1f   Thumb Code    18  stm32f4xx_tim.o(.text)
    TIM_Cmd                                  0x08002c31   Thumb Code    24  stm32f4xx_tim.o(.text)
    TIM_OC1Init                              0x08002c49   Thumb Code   114  stm32f4xx_tim.o(.text)
    TIM_OC2Init                              0x08002cbb   Thumb Code   154  stm32f4xx_tim.o(.text)
    TIM_OC3Init                              0x08002d55   Thumb Code   204  stm32f4xx_tim.o(.text)
    TIM_OC4Init                              0x08002e21   Thumb Code   112  stm32f4xx_tim.o(.text)
    TIM_OCStructInit                         0x08002e91   Thumb Code    20  stm32f4xx_tim.o(.text)
    TIM_SelectOCxM                           0x08002ea5   Thumb Code    86  stm32f4xx_tim.o(.text)
    TIM_SetCompare1                          0x08002efb   Thumb Code     4  stm32f4xx_tim.o(.text)
    TIM_SetCompare2                          0x08002eff   Thumb Code     4  stm32f4xx_tim.o(.text)
    TIM_SetCompare3                          0x08002f03   Thumb Code     4  stm32f4xx_tim.o(.text)
    TIM_SetCompare4                          0x08002f07   Thumb Code     4  stm32f4xx_tim.o(.text)
    TIM_ForcedOC1Config                      0x08002f0b   Thumb Code    18  stm32f4xx_tim.o(.text)
    TIM_ForcedOC2Config                      0x08002f1d   Thumb Code    26  stm32f4xx_tim.o(.text)
    TIM_ForcedOC3Config                      0x08002f37   Thumb Code    18  stm32f4xx_tim.o(.text)
    TIM_ForcedOC4Config                      0x08002f49   Thumb Code    26  stm32f4xx_tim.o(.text)
    TIM_OC1PreloadConfig                     0x08002f63   Thumb Code    18  stm32f4xx_tim.o(.text)
    TIM_OC2PreloadConfig                     0x08002f75   Thumb Code    26  stm32f4xx_tim.o(.text)
    TIM_OC3PreloadConfig                     0x08002f8f   Thumb Code    18  stm32f4xx_tim.o(.text)
    TIM_OC4PreloadConfig                     0x08002fa1   Thumb Code    26  stm32f4xx_tim.o(.text)
    TIM_OC1FastConfig                        0x08002fbb   Thumb Code    18  stm32f4xx_tim.o(.text)
    TIM_OC2FastConfig                        0x08002fcd   Thumb Code    26  stm32f4xx_tim.o(.text)
    TIM_OC3FastConfig                        0x08002fe7   Thumb Code    18  stm32f4xx_tim.o(.text)
    TIM_OC4FastConfig                        0x08002ff9   Thumb Code    26  stm32f4xx_tim.o(.text)
    TIM_ClearOC1Ref                          0x08003013   Thumb Code    18  stm32f4xx_tim.o(.text)
    TIM_ClearOC2Ref                          0x08003025   Thumb Code    24  stm32f4xx_tim.o(.text)
    TIM_ClearOC3Ref                          0x0800303d   Thumb Code    18  stm32f4xx_tim.o(.text)
    TIM_ClearOC4Ref                          0x0800304f   Thumb Code    24  stm32f4xx_tim.o(.text)
    TIM_OC1PolarityConfig                    0x08003067   Thumb Code    18  stm32f4xx_tim.o(.text)
    TIM_OC1NPolarityConfig                   0x08003079   Thumb Code    18  stm32f4xx_tim.o(.text)
    TIM_OC2PolarityConfig                    0x0800308b   Thumb Code    26  stm32f4xx_tim.o(.text)
    TIM_OC2NPolarityConfig                   0x080030a5   Thumb Code    26  stm32f4xx_tim.o(.text)
    TIM_OC3PolarityConfig                    0x080030bf   Thumb Code    26  stm32f4xx_tim.o(.text)
    TIM_OC3NPolarityConfig                   0x080030d9   Thumb Code    26  stm32f4xx_tim.o(.text)
    TIM_OC4PolarityConfig                    0x080030f3   Thumb Code    26  stm32f4xx_tim.o(.text)
    TIM_CCxCmd                               0x0800310d   Thumb Code    30  stm32f4xx_tim.o(.text)
    TIM_CCxNCmd                              0x0800312b   Thumb Code    30  stm32f4xx_tim.o(.text)
    TIM_SetIC4Prescaler                      0x08003149   Thumb Code    26  stm32f4xx_tim.o(.text)
    TIM_SetIC3Prescaler                      0x080031b3   Thumb Code    18  stm32f4xx_tim.o(.text)
    TIM_SetIC2Prescaler                      0x0800320d   Thumb Code    26  stm32f4xx_tim.o(.text)
    TIM_SetIC1Prescaler                      0x08003281   Thumb Code    18  stm32f4xx_tim.o(.text)
    TIM_ICInit                               0x080032cd   Thumb Code   110  stm32f4xx_tim.o(.text)
    TIM_ICStructInit                         0x0800333b   Thumb Code    18  stm32f4xx_tim.o(.text)
    TIM_PWMIConfig                           0x0800334d   Thumb Code   124  stm32f4xx_tim.o(.text)
    TIM_GetCapture1                          0x080033c9   Thumb Code     6  stm32f4xx_tim.o(.text)
    TIM_GetCapture2                          0x080033cf   Thumb Code     6  stm32f4xx_tim.o(.text)
    TIM_GetCapture3                          0x080033d5   Thumb Code     6  stm32f4xx_tim.o(.text)
    TIM_GetCapture4                          0x080033db   Thumb Code     6  stm32f4xx_tim.o(.text)
    TIM_BDTRConfig                           0x080033e1   Thumb Code    32  stm32f4xx_tim.o(.text)
    TIM_BDTRStructInit                       0x08003401   Thumb Code    18  stm32f4xx_tim.o(.text)
    TIM_CtrlPWMOutputs                       0x08003413   Thumb Code    30  stm32f4xx_tim.o(.text)
    TIM_SelectCOM                            0x08003431   Thumb Code    24  stm32f4xx_tim.o(.text)
    TIM_CCPreloadControl                     0x08003449   Thumb Code    24  stm32f4xx_tim.o(.text)
    TIM_ITConfig                             0x08003461   Thumb Code    18  stm32f4xx_tim.o(.text)
    TIM_GenerateEvent                        0x08003473   Thumb Code     4  stm32f4xx_tim.o(.text)
    TIM_GetFlagStatus                        0x08003477   Thumb Code    18  stm32f4xx_tim.o(.text)
    TIM_ClearFlag                            0x08003489   Thumb Code     6  stm32f4xx_tim.o(.text)
    TIM_GetITStatus                          0x0800348f   Thumb Code    34  stm32f4xx_tim.o(.text)
    TIM_ClearITPendingBit                    0x080034b1   Thumb Code     6  stm32f4xx_tim.o(.text)
    TIM_DMAConfig                            0x080034b7   Thumb Code    10  stm32f4xx_tim.o(.text)
    TIM_DMACmd                               0x080034c1   Thumb Code    18  stm32f4xx_tim.o(.text)
    TIM_SelectCCDMA                          0x080034d3   Thumb Code    24  stm32f4xx_tim.o(.text)
    TIM_InternalClockConfig                  0x080034eb   Thumb Code    12  stm32f4xx_tim.o(.text)
    TIM_SelectInputTrigger                   0x080034f7   Thumb Code    18  stm32f4xx_tim.o(.text)
    TIM_ITRxExternalClockConfig              0x08003509   Thumb Code    24  stm32f4xx_tim.o(.text)
    TIM_TIxExternalClockConfig               0x08003521   Thumb Code    62  stm32f4xx_tim.o(.text)
    TIM_ETRConfig                            0x0800355f   Thumb Code    28  stm32f4xx_tim.o(.text)
    TIM_ETRClockMode1Config                  0x0800357b   Thumb Code    54  stm32f4xx_tim.o(.text)
    TIM_ETRClockMode2Config                  0x080035b1   Thumb Code    32  stm32f4xx_tim.o(.text)
    TIM_SelectOutputTrigger                  0x080035d1   Thumb Code    18  stm32f4xx_tim.o(.text)
    TIM_SelectSlaveMode                      0x080035e3   Thumb Code    18  stm32f4xx_tim.o(.text)
    TIM_SelectMasterSlaveMode                0x080035f5   Thumb Code    18  stm32f4xx_tim.o(.text)
    TIM_EncoderInterfaceConfig               0x08003607   Thumb Code    66  stm32f4xx_tim.o(.text)
    TIM_SelectHallSensor                     0x08003649   Thumb Code    24  stm32f4xx_tim.o(.text)
    TIM_RemapConfig                          0x08003661   Thumb Code     6  stm32f4xx_tim.o(.text)
    USART_DeInit                             0x08003669   Thumb Code   206  stm32f4xx_usart.o(.text)
    USART_Init                               0x08003737   Thumb Code   204  stm32f4xx_usart.o(.text)
    USART_StructInit                         0x08003803   Thumb Code    24  stm32f4xx_usart.o(.text)
    USART_ClockInit                          0x0800381b   Thumb Code    32  stm32f4xx_usart.o(.text)
    USART_ClockStructInit                    0x0800383b   Thumb Code    12  stm32f4xx_usart.o(.text)
    USART_Cmd                                0x08003847   Thumb Code    24  stm32f4xx_usart.o(.text)
    USART_SetPrescaler                       0x0800385f   Thumb Code    16  stm32f4xx_usart.o(.text)
    USART_OverSampling8Cmd                   0x0800386f   Thumb Code    22  stm32f4xx_usart.o(.text)
    USART_OneBitMethodCmd                    0x08003885   Thumb Code    24  stm32f4xx_usart.o(.text)
    USART_SendData                           0x0800389d   Thumb Code     8  stm32f4xx_usart.o(.text)
    USART_ReceiveData                        0x080038a5   Thumb Code    10  stm32f4xx_usart.o(.text)
    USART_SetAddress                         0x080038af   Thumb Code    18  stm32f4xx_usart.o(.text)
    USART_ReceiverWakeUpCmd                  0x080038c1   Thumb Code    24  stm32f4xx_usart.o(.text)
    USART_WakeUpConfig                       0x080038d9   Thumb Code    18  stm32f4xx_usart.o(.text)
    USART_LINBreakDetectLengthConfig         0x080038eb   Thumb Code    18  stm32f4xx_usart.o(.text)
    USART_LINCmd                             0x080038fd   Thumb Code    24  stm32f4xx_usart.o(.text)
    USART_SendBreak                          0x08003915   Thumb Code    10  stm32f4xx_usart.o(.text)
    USART_HalfDuplexCmd                      0x0800391f   Thumb Code    24  stm32f4xx_usart.o(.text)
    USART_SetGuardTime                       0x08003937   Thumb Code    16  stm32f4xx_usart.o(.text)
    USART_SmartCardCmd                       0x08003947   Thumb Code    24  stm32f4xx_usart.o(.text)
    USART_SmartCardNACKCmd                   0x0800395f   Thumb Code    24  stm32f4xx_usart.o(.text)
    USART_IrDAConfig                         0x08003977   Thumb Code    18  stm32f4xx_usart.o(.text)
    USART_IrDACmd                            0x08003989   Thumb Code    24  stm32f4xx_usart.o(.text)
    USART_DMACmd                             0x080039a1   Thumb Code    18  stm32f4xx_usart.o(.text)
    USART_ITConfig                           0x080039b3   Thumb Code    74  stm32f4xx_usart.o(.text)
    USART_GetFlagStatus                      0x080039fd   Thumb Code    26  stm32f4xx_usart.o(.text)
    USART_ClearFlag                          0x08003a17   Thumb Code    18  stm32f4xx_usart.o(.text)
    USART_GetITStatus                        0x08003a29   Thumb Code   118  stm32f4xx_usart.o(.text)
    USART_ClearITPendingBit                  0x08003a9f   Thumb Code    30  stm32f4xx_usart.o(.text)
    delay_init                               0x08003abd   Thumb Code    52  delay.o(.text)
    delay_us                                 0x08003af1   Thumb Code    72  delay.o(.text)
    delay_xms                                0x08003b39   Thumb Code    72  delay.o(.text)
    delay_ms                                 0x08003b81   Thumb Code    56  delay.o(.text)
    KEY_Init                                 0x08003bc1   Thumb Code    42  key.o(.text)
    KEY_Scan                                 0x08003beb   Thumb Code   186  key.o(.text)
    LED_Init                                 0x08003cad   Thumb Code   108  led.o(.text)
    Encoder_Init2_TIM2                       0x08003d1d   Thumb Code   186  encode.o(.text)
    Encoder_Init2_TIM3                       0x08003dd7   Thumb Code   202  encode.o(.text)
    Encoder_Init2_TIM4                       0x08003ea1   Thumb Code   206  encode.o(.text)
    Encoder_Init2_TIM5                       0x08003f6f   Thumb Code   200  encode.o(.text)
    Encoder_Init_TIM2                        0x08004037   Thumb Code   222  encode.o(.text)
    Encoder_Init_TIM3                        0x08004115   Thumb Code   242  encode.o(.text)
    Encoder_Init_TIM4                        0x08004207   Thumb Code   220  encode.o(.text)
    Encoder_Init_TIM5                        0x080042e3   Thumb Code   184  encode.o(.text)
    TIM2_Encoder_Write                       0x0800439b   Thumb Code     8  encode.o(.text)
    TIM3_Encoder_Write                       0x080043a3   Thumb Code     8  encode.o(.text)
    TIM4_Encoder_Write                       0x080043ab   Thumb Code     8  encode.o(.text)
    TIM5_Encoder_Write                       0x080043b3   Thumb Code     8  encode.o(.text)
    Read_Encoder                             0x080043bb   Thumb Code   100  encode.o(.text)
    TIM_Encoder_Read                         0x0800441f   Thumb Code   120  encode.o(.text)
    GPIO_PIN_INIT                            0x080044b1   Thumb Code    42  exit.o(.text)
    EXTIX_Init                               0x080044db   Thumb Code   196  exit.o(.text)
    EXTI0_IRQHandler                         0x0800459f   Thumb Code    56  exit.o(.text)
    EXTI1_IRQHandler                         0x080045d7   Thumb Code    92  exit.o(.text)
    EXTI2_IRQHandler                         0x08004633   Thumb Code    92  exit.o(.text)
    EXTI3_IRQHandler                         0x0800468f   Thumb Code    38  exit.o(.text)
    OLED_delay                               0x080046c9   Thumb Code    14  oled.o(.text)
    OLED_GPIO_Config                         0x080046d7   Thumb Code   194  oled.o(.text)
    OLED_Write_Byte                          0x08004799   Thumb Code   130  oled.o(.text)
    OLED_Write_CMD                           0x0800481b   Thumb Code    14  oled.o(.text)
    OLED_Write_DATA                          0x08004829   Thumb Code    24  oled.o(.text)
    OLED_Clear                               0x08004841   Thumb Code    64  oled.o(.text)
    OLED_CLEAR_AREA                          0x08004881   Thumb Code    84  oled.o(.text)
    OLED_Clear_FF                            0x080048d5   Thumb Code    64  oled.o(.text)
    OLED_Display_On                          0x08004915   Thumb Code    28  oled.o(.text)
    OLED_Display_Off                         0x08004931   Thumb Code    28  oled.o(.text)
    OLED_Set_Pos                             0x0800494d   Thumb Code    46  oled.o(.text)
    OLED_ShowChar                            0x0800497b   Thumb Code   232  oled.o(.text)
    oled_pow                                 0x08004a63   Thumb Code    22  oled.o(.text)
    OLED_ShowNum                             0x08004a79   Thumb Code   194  oled.o(.text)
    OLED_ShowString                          0x08004b3b   Thumb Code    58  oled.o(.text)
    OLED_ShowCHinese                         0x08004b75   Thumb Code    98  oled.o(.text)
    OLED_DrawBMP                             0x08004bd7   Thumb Code   118  oled.o(.text)
    OLED_Refresh_Gram                        0x08004c4d   Thumb Code    70  oled.o(.text)
    OLED_DrawPoint                           0x08004c93   Thumb Code   100  oled.o(.text)
    OLED_Fill                                0x08004cf7   Thumb Code    58  oled.o(.text)
    OLED_DrawLine                            0x08004d31   Thumb Code   182  oled.o(.text)
    OLED_Draw_Circle                         0x08004de7   Thumb Code   172  oled.o(.text)
    OLED_Init                                0x08004e93   Thumb Code   318  oled.o(.text)
    TIM1_PWM_Init                            0x08004fd1   Thumb Code   702  pwm.o(.text)
    TIM9_PWM_Init                            0x0800528f   Thumb Code   404  pwm.o(.text)
    TIM8_PWM_Init                            0x08005423   Thumb Code   698  pwm.o(.text)
    TIM1_PWM_charge_duty                     0x080056dd   Thumb Code   122  pwm.o(.text)
    TIM8_PWM_charge_duty                     0x08005757   Thumb Code   122  pwm.o(.text)
    TIM9_PWM_charge_duty                     0x080057d1   Thumb Code    92  pwm.o(.text)
    _sys_exit                                0x08005835   Thumb Code     6  usart.o(.text)
    fputc                                    0x0800583b   Thumb Code    22  usart.o(.text)
    USART_INIT                               0x08005851   Thumb Code  1098  usart.o(.text)
    USART_Send_Char                          0x08005c9b   Thumb Code   168  usart.o(.text)
    USART_Send_String                        0x08005d43   Thumb Code   144  usart.o(.text)
    USART_Send_Leng_String                   0x08005dd3   Thumb Code   158  usart.o(.text)
    USART_SendWare                           0x08005e71   Thumb Code    50  usart.o(.text)
    USART1_IRQHandler                        0x08005ea3   Thumb Code    40  usart.o(.text)
    USART6_IRQHandler                        0x08005ecb   Thumb Code    40  usart.o(.text)
    What_Tim                                 0x08005f15   Thumb Code    60  times.o(.text)
    TIMERx_init                              0x08005f51   Thumb Code  1250  times.o(.text)
    TIM1_UP_TIM10_IRQHandler                 0x08006433   Thumb Code    44  times.o(.text)
    TIM2_IRQHandler                          0x0800645f   Thumb Code    20  times.o(.text)
    TIM3_IRQHandler                          0x08006473   Thumb Code    20  times.o(.text)
    TIM4_IRQHandler                          0x08006487   Thumb Code    20  times.o(.text)
    TIM5_IRQHandler                          0x0800649b   Thumb Code    20  times.o(.text)
    TIM8_UP_TIM13_IRQHandler                 0x080064af   Thumb Code    44  times.o(.text)
    TIM1_BRK_TIM9_IRQHandler                 0x080064db   Thumb Code    20  times.o(.text)
    TIM1_TRG_COM_TIM11_IRQHandler            0x080064ef   Thumb Code    20  times.o(.text)
    TIM8_BRK_TIM12_IRQHandler                0x08006503   Thumb Code    20  times.o(.text)
    TIM8_TRG_COM_TIM14_IRQHandler            0x08006517   Thumb Code    20  times.o(.text)
    NRF24L01_SPI_Init                        0x0800655d   Thumb Code    86  24l01.o(.text)
    NRF24L01_Init                            0x080065b3   Thumb Code   144  24l01.o(.text)
    NRF24L01_Read_Buf                        0x08006643   Thumb Code    60  24l01.o(.text)
    NRF24L01_Write_Buf                       0x0800667f   Thumb Code    60  24l01.o(.text)
    NRF24L01_Check                           0x080066bb   Thumb Code    72  24l01.o(.text)
    NRF24L01_Write_Reg                       0x08006703   Thumb Code    40  24l01.o(.text)
    NRF24L01_Read_Reg                        0x0800672b   Thumb Code    38  24l01.o(.text)
    NRF24L01_TxPacket                        0x08006751   Thumb Code    94  24l01.o(.text)
    NRF24L01_RxPacket                        0x080067af   Thumb Code    58  24l01.o(.text)
    NRF24L01_RX_Mode                         0x080067e9   Thumb Code    76  24l01.o(.text)
    NRF24L01_TX_Mode                         0x08006835   Thumb Code    86  24l01.o(.text)
    SPI1_ReadWriteByte                       0x080068b1   Thumb Code    50  spi.o(.text)
    SPI1_Init                                0x080068e3   Thumb Code   186  spi.o(.text)
    SPI1_SetSpeed                            0x0800699d   Thumb Code    36  spi.o(.text)
    USART2_IRQHandler                        0x080069c9   Thumb Code   422  map_rx_tx.o(.text)
    camear_cmd                               0x08006ba1   Thumb Code    40  camear_tx_rx.o(.text)
    camear_color                             0x08006bc9   Thumb Code    42  camear_tx_rx.o(.text)
    UART4_IRQHandler                         0x08006bf3   Thumb Code   262  camear_tx_rx.o(.text)
    claw_control                             0x08006d35   Thumb Code    56  top_rx_tx.o(.text)
    gd_control                               0x08006d6d   Thumb Code    58  top_rx_tx.o(.text)
    USART3_IRQHandler                        0x08006da7   Thumb Code   140  top_rx_tx.o(.text)
    near_inint                               0x08006e51   Thumb Code    64  near.o(.text)
    near_read                                0x08006e91   Thumb Code    74  near.o(.text)
    RTC_Set_Time                             0x08006ee1   Thumb Code    36  rtc.o(.text)
    RTC_Set_Date                             0x08006f05   Thumb Code    36  rtc.o(.text)
    My_RTC_Init                              0x08006f29   Thumb Code   138  rtc.o(.text)
    RTC_Set_AlarmA                           0x08006fb3   Thumb Code   158  rtc.o(.text)
    RTC_Set_WakeUp                           0x08007051   Thumb Code   108  rtc.o(.text)
    RTC_Alarm_IRQHandler                     0x080070bd   Thumb Code    30  rtc.o(.text)
    RTC_WKUP_IRQHandler                      0x080070db   Thumb Code    58  rtc.o(.text)
    usetime_clear                            0x08007115   Thumb Code     8  rtc.o(.text)
    read_usetime                             0x0800711d   Thumb Code     6  rtc.o(.text)
    TIME_SHOW                                0x08007123   Thumb Code    28  rtc.o(.text)
    Runing_V_ST                              0x08007149   Thumb Code   244  besicmovement.o(.text)
    Runing_rotat                             0x0800723d   Thumb Code   158  besicmovement.o(.text)
    Run_angle                                0x080072db   Thumb Code   146  besicmovement.o(.text)
    Run_X_Y                                  0x0800736d   Thumb Code   178  besicmovement.o(.text)
    move_rotat_init                          0x0800741f   Thumb Code    32  besicmovement.o(.text)
    Clear_VBB                                0x0800743f   Thumb Code    30  besicmovement.o(.text)
    SUM_YAW                                  0x0800745d   Thumb Code   168  besicmovement.o(.text)
    move_X_Y_roata                           0x08007505   Thumb Code   576  besicmovement.o(.text)
    move_rotat                               0x08007745   Thumb Code   346  besicmovement.o(.text)
    move_rotat_angle                         0x0800789f   Thumb Code   666  besicmovement.o(.text)
    ROAT_POINT                               0x08007b39   Thumb Code   536  besicmovement.o(.text)
    ROAT_AIMANGLE                            0x08007d51   Thumb Code   284  besicmovement.o(.text)
    motor_en_init                            0x08007e6d   Thumb Code   108  control.o(.text)
    motor_encodeinit                         0x08007ed9   Thumb Code    92  control.o(.text)
    MOTOR_A_runing                           0x08007f35   Thumb Code   106  control.o(.text)
    MOTOR_B_runing                           0x08007f9f   Thumb Code   106  control.o(.text)
    MOTOR_C_runing                           0x08008009   Thumb Code   106  control.o(.text)
    motor_pid_runing                         0x08008073   Thumb Code   152  control.o(.text)
    TIM6_DAC_IRQHandler                      0x0800810b   Thumb Code   906  control.o(.text)
    PID_Init                                 0x080084b5   Thumb Code    70  pid.o(.text)
    PID_SetAim                               0x080084fb   Thumb Code    24  pid.o(.text)
    PID_Out                                  0x08008513   Thumb Code   252  pid.o(.text)
    Independ_run                             0x08008615   Thumb Code   544  runingcontrol.o(.text)
    Close_proximity                          0x08008835   Thumb Code  1322  runingcontrol.o(.text)
    keep_speed_limit                         0x08008d5f   Thumb Code    34  runingcontrol.o(.text)
    Keep_distance                            0x08008d81   Thumb Code   432  runingcontrol.o(.text)
    Close_move                               0x08008f31   Thumb Code   522  runingcontrol.o(.text)
    X_Y_ANGELE_AIM                           0x0800913b   Thumb Code   436  runingcontrol.o(.text)
    Objective_cheak                          0x080092ef   Thumb Code    14  runingcontrol.o(.text)
    Camear_FX                                0x080092fd   Thumb Code   184  runingcontrol.o(.text)
    Camear_control_init                      0x080093b5   Thumb Code    32  runingcontrol.o(.text)
    Camear_control_run                       0x080093d5   Thumb Code   170  runingcontrol.o(.text)
    Camear_jiaozheng                         0x0800947f   Thumb Code    88  runingcontrol.o(.text)
    TIM7_IRQHandler                          0x0800950d   Thumb Code   146  panda.o(.text)
    SET_AIM_ANGLE                            0x0800959f   Thumb Code    30  panda.o(.text)
    SET_TIME                                 0x080095bd   Thumb Code    24  panda.o(.text)
    CHEAK_TIMEFINISH                         0x080095d5   Thumb Code    16  panda.o(.text)
    SET_TIME2                                0x080095e5   Thumb Code    24  panda.o(.text)
    CHEAK_TIMEFINISH2                        0x080095fd   Thumb Code    16  panda.o(.text)
    PANDA_GREED                              0x0800960d   Thumb Code  9992  panda.o(.text)
    PANDA_RED                                0x0800bd15   Thumb Code 15546  panda.o(.text)
    PANDA_INIT                               0x0800f9cf   Thumb Code    32  panda.o(.text)
    Remote_control                           0x0800fa0d   Thumb Code   358  remotecontrol.o(.text)
    CRAW_INPUT                               0x0800fb89   Thumb Code    86  crawmanger.o(.text)
    CRAW_RUN                                 0x0800fbdf   Thumb Code   142  crawmanger.o(.text)
    PUT_BAMBOO                               0x0800fc6d   Thumb Code   934  crawmanger.o(.text)
    GRAB_BAMBOO                              0x08010013   Thumb Code   650  crawmanger.o(.text)
    arm_cos_f32                              0x080102a9   Thumb Code   194  arm_cos_f32.o(.text)
    arm_sin_f32                              0x08010381   Thumb Code   194  arm_sin_f32.o(.text)
    __use_no_semihosting                     0x08010459   Thumb Code     2  use_no_semi_2.o(.text)
    __2sprintf                               0x0801045d   Thumb Code    34  noretval__2sprintf.o(.text)
    _printf_pre_padding                      0x08010485   Thumb Code    44  _printf_pad.o(.text)
    _printf_post_padding                     0x080104b1   Thumb Code    34  _printf_pad.o(.text)
    _printf_int_dec                          0x080104d5   Thumb Code   104  _printf_dec.o(.text)
    __printf                                 0x0801054d   Thumb Code   308  __printf_flags_wp.o(.text)
    __use_two_region_memory                  0x08010685   Thumb Code     2  heapauxi.o(.text)
    __rt_heap_escrow$2region                 0x08010687   Thumb Code     2  heapauxi.o(.text)
    __rt_heap_expand$2region                 0x08010689   Thumb Code     2  heapauxi.o(.text)
    __I$use$semihosting                      0x0801068b   Thumb Code     0  use_no_semi.o(.text)
    __use_no_semihosting_swi                 0x0801068b   Thumb Code     2  use_no_semi.o(.text)
    _printf_int_common                       0x0801068d   Thumb Code   178  _printf_intcommon.o(.text)
    _printf_char_common                      0x0801074b   Thumb Code    32  _printf_char_common.o(.text)
    _sputc                                   0x08010771   Thumb Code    10  _sputc.o(.text)
    __user_setup_stackheap                   0x0801077b   Thumb Code    74  sys_stackheap_outer.o(.text)
    exit                                     0x080107c5   Thumb Code    18  exit.o(.text)
    __user_libspace                          0x080107d9   Thumb Code     8  libspace.o(.text)
    __user_perproc_libspace                  0x080107d9   Thumb Code     0  libspace.o(.text)
    __user_perthread_libspace                0x080107d9   Thumb Code     0  libspace.o(.text)
    _is_digit                                0x080107e1   Thumb Code    14  __printf_wp.o(i._is_digit)
    __aeabi_d2f                              0x080107f1   Thumb Code     0  d2f.o(x$fpl$d2f)
    _d2f                                     0x080107f1   Thumb Code    98  d2f.o(x$fpl$d2f)
    __aeabi_dadd                             0x08010855   Thumb Code     0  daddsub_clz.o(x$fpl$dadd)
    _dadd                                    0x08010855   Thumb Code   332  daddsub_clz.o(x$fpl$dadd)
    __aeabi_d2iz                             0x080109a5   Thumb Code     0  dfix.o(x$fpl$dfix)
    _dfix                                    0x080109a5   Thumb Code    94  dfix.o(x$fpl$dfix)
    __aeabi_i2d                              0x08010a03   Thumb Code     0  dflt_clz.o(x$fpl$dflt)
    _dflt                                    0x08010a03   Thumb Code    46  dflt_clz.o(x$fpl$dflt)
    __aeabi_dmul                             0x08010a31   Thumb Code     0  dmul.o(x$fpl$dmul)
    _dmul                                    0x08010a31   Thumb Code   332  dmul.o(x$fpl$dmul)
    __fpl_dnaninf                            0x08010b85   Thumb Code   156  dnaninf.o(x$fpl$dnaninf)
    __fpl_dretinf                            0x08010c21   Thumb Code    12  dretinf.o(x$fpl$dretinf)
    __aeabi_drsub                            0x08010c2d   Thumb Code     0  daddsub_clz.o(x$fpl$drsb)
    _drsb                                    0x08010c2d   Thumb Code    22  daddsub_clz.o(x$fpl$drsb)
    __aeabi_dsub                             0x08010c45   Thumb Code     0  daddsub_clz.o(x$fpl$dsub)
    _dsub                                    0x08010c45   Thumb Code   464  daddsub_clz.o(x$fpl$dsub)
    __aeabi_f2d                              0x08010e19   Thumb Code     0  f2d.o(x$fpl$f2d)
    _f2d                                     0x08010e19   Thumb Code    86  f2d.o(x$fpl$f2d)
    __fpl_fnaninf                            0x08010e6f   Thumb Code   140  fnaninf.o(x$fpl$fnaninf)
    _fp_init                                 0x08010efb   Thumb Code    10  fpinit.o(x$fpl$fpinit)
    __fplib_config_fpu_vfp                   0x08010f03   Thumb Code     0  fpinit.o(x$fpl$fpinit)
    __fplib_config_pureend_doubles           0x08010f03   Thumb Code     0  fpinit.o(x$fpl$fpinit)
    __fpl_fretinf                            0x08010f05   Thumb Code    10  fretinf.o(x$fpl$fretinf)
    F6x8                                     0x08010f0e   Data         552  oled.o(.constdata)
    __I$use$fp                               0x08010f0e   Number         0  usenofp.o(x$fpl$usenofp)
    F8X16                                    0x08011136   Data        1520  oled.o(.constdata)
    asc2_2412                                0x08011726   Data        3420  oled.o(.constdata)
    TX_ADDRESS                               0x08012482   Data           5  24l01.o(.constdata)
    RX_ADDRESS                               0x08012487   Data           5  24l01.o(.constdata)
    Region$$Table$$Base                      0x08012cbc   Number         0  anon$$obj.o(Region$$Table)
    Region$$Table$$Limit                     0x08012cdc   Number         0  anon$$obj.o(Region$$Table)
    mem3base                                 0x10000000   Data       61440  malloc.o(.ARM.__AT_0x10000000)
    mem3mapbase                              0x1000f000   Data        3840  malloc.o(.ARM.__AT_0x1000F000)
    fgg                                      0x20000000   Data           1  main.o(.data)
    RTC_TimeStruct                           0x20000001   Data           4  main.o(.data)
    RTC_DateStruct                           0x20000005   Data           4  main.o(.data)
    PLAN_flag                                0x20000009   Data           1  main.o(.data)
    MODE_CHOSE                               0x2000000a   Data           1  main.o(.data)
    KEY_CHOSE                                0x2000000b   Data           1  main.o(.data)
    SystemCoreClock                          0x20000010   Data           4  system_stm32f4xx.o(.data)
    AHBPrescTable                            0x20000014   Data          16  system_stm32f4xx.o(.data)
    Hzk                                      0x20000039   Data         384  oled.o(.data)
    ui_car                                   0x200001b9   Data         288  oled.o(.data)
    ui_home                                  0x200002d9   Data         288  oled.o(.data)
    ui_control                               0x200003f9   Data         288  oled.o(.data)
    ui_map                                   0x20000519   Data         288  oled.o(.data)
    ui_clock                                 0x20000639   Data         288  oled.o(.data)
    ui_cansu                                 0x20000759   Data         240  oled.o(.data)
    ui_cansu1                                0x20000849   Data         240  oled.o(.data)
    jia_tou                                  0x20000939   Data           3  oled.o(.data)
    ui_zuo                                   0x2000093c   Data          32  oled.o(.data)
    ui_you                                   0x2000095c   Data          32  oled.o(.data)
    ui_xia                                   0x2000097c   Data          32  oled.o(.data)
    ui_shang                                 0x2000099c   Data          32  oled.o(.data)
    TIM1_arr                                 0x200009bc   Data           4  pwm.o(.data)
    TIM8_arr                                 0x200009c0   Data           4  pwm.o(.data)
    TIM2_arr                                 0x200009c4   Data           4  pwm.o(.data)
    TIM3_arr                                 0x200009c8   Data           4  pwm.o(.data)
    TIM9_arr                                 0x200009cc   Data           4  pwm.o(.data)
    X1                                       0x200009d0   Data           4  map_rx_tx.o(.data)
    Y1                                       0x200009d4   Data           4  map_rx_tx.o(.data)
    YAW1                                     0x200009d8   Data           4  map_rx_tx.o(.data)
    WEI                                      0x200009dc   Data           1  map_rx_tx.o(.data)
    RE_flag                                  0x200009dd   Data           1  map_rx_tx.o(.data)
    COLOR_READ                               0x200009de   Data           4  camear_tx_rx.o(.data)
    TARGET_READ                              0x200009e2   Data           8  camear_tx_rx.o(.data)
    TARGET_READ2                             0x200009ea   Data           8  camear_tx_rx.o(.data)
    color_wei                                0x200009f2   Data           1  camear_tx_rx.o(.data)
    OV2640_mode                              0x200009f3   Data           1  camear_tx_rx.o(.data)
    ov_frame                                 0x200009f4   Data           1  camear_tx_rx.o(.data)
    OV_TARGET_COLOTR                         0x200009f5   Data           1  camear_tx_rx.o(.data)
    TOP_DATA                                 0x200009f6   Data           2  top_rx_tx.o(.data)
    TOP_STATUS                               0x200009f8   Data           6  top_rx_tx.o(.data)
    top_wei                                  0x200009fe   Data           1  top_rx_tx.o(.data)
    top_data                                 0x200009ff   Data           8  top_rx_tx.o(.data)
    USED_TIME                                0x20000a08   Data           2  rtc.o(.data)
    NVIC_InitStructure                       0x20000a0a   Data           4  rtc.o(.data)
    YAW_after                                0x20000a0e   Data           2  besicmovement.o(.data)
    Vbb                                      0x20000a10   Data           2  besicmovement.o(.data)
    P                                        0x20000a18   Data           4  control.o(.data)
    I                                        0x20000a1c   Data           4  control.o(.data)
    D                                        0x20000a20   Data           4  control.o(.data)
    timea_A                                  0x20000a24   Data           2  control.o(.data)
    timea_B                                  0x20000a26   Data           2  control.o(.data)
    timea_C                                  0x20000a28   Data           2  control.o(.data)
    ALL_MOTOR_EN                             0x20000a2a   Data           1  control.o(.data)
    CHA_A                                    0x20000a2c   Data           2  runingcontrol.o(.data)
    CHA_B                                    0x20000a2e   Data           2  runingcontrol.o(.data)
    CHA_C                                    0x20000a30   Data           2  runingcontrol.o(.data)
    steep                                    0x20000a34   Data           1  panda.o(.data)
    JS_FLAG                                  0x20000a35   Data           1  panda.o(.data)
    JS_TIME                                  0x20000a36   Data           1  panda.o(.data)
    timefinish_flag                          0x20000a37   Data           1  panda.o(.data)
    JS_FLAG2                                 0x20000a38   Data           1  panda.o(.data)
    JS_TIME2                                 0x20000a39   Data           1  panda.o(.data)
    timefinish_flag2                         0x20000a3a   Data           1  panda.o(.data)
    RED_STEP                                 0x20000a3b   Data           1  panda.o(.data)
    RED_SMALL_STEP                           0x20000a3c   Data           1  panda.o(.data)
    GREED_STEP                               0x20000a3d   Data           1  panda.o(.data)
    GREED_SMALL_STEP                         0x20000a3e   Data           1  panda.o(.data)
    Synchronization_semaphore                0x20000a3f   Data           8  panda.o(.data)
    RED_BAMBOO                               0x20000a48   Data         160  panda.o(.data)
    RED_LANDMARK                             0x20000ae8   Data          60  panda.o(.data)
    RED_POINT                                0x20000b24   Data         132  panda.o(.data)
    x0                                       0x20000baa   Data           2  remotecontrol.o(.data)
    y0                                       0x20000bac   Data           2  remotecontrol.o(.data)
    yaw0                                     0x20000bae   Data           2  remotecontrol.o(.data)
    A_CRAW_NUMBER                            0x20000bb0   Data           1  crawmanger.o(.data)
    B_CRAW_NUMBER                            0x20000bb1   Data           1  crawmanger.o(.data)
    C_CRAW_NUMBER                            0x20000bb2   Data           1  crawmanger.o(.data)
    OLED_GRAM                                0x20000bb8   Data        1024  oled.o(.bss)
    ULTRSONIC_DIS                            0x20000fb8   Data          12  map_rx_tx.o(.bss)
    MAP_data                                 0x20000fc4   Data          12  map_rx_tx.o(.bss)
    RE_date                                  0x20000fd0   Data          27  map_rx_tx.o(.bss)
    color_date                               0x20000feb   Data          21  camear_tx_rx.o(.bss)
    var                                      0x20001000   Data          16  control.o(.bss)
    MOTORZ_A                                 0x20001010   Data          44  control.o(.bss)
    MOTORZ_B                                 0x2000103c   Data          44  control.o(.bss)
    MOTORZ_C                                 0x20001068   Data          44  control.o(.bss)
    EIT_ROBOT                                0x20001094   Data          36  control.o(.bss)
    Camear_run                               0x200010b8   Data          44  runingcontrol.o(.bss)
    int16_semaphore                          0x200010e4   Data          16  panda.o(.bss)
    __libspace_start                         0x20001100   Data          96  libspace.o(.bss)
    __temporary_stack_top$libspace           0x20001160   Data           0  libspace.o(.bss)



==============================================================================

Memory Map of the image

  Image Entry point : 0x08000189

  Load Region LR_IROM1 (Base: 0x08000000, Size: 0x00013894, Max: 0x00100000, ABSOLUTE, COMPRESSED[0x00013208])

    Execution Region ER_IROM1 (Base: 0x08000000, Size: 0x00012cdc, Max: 0x00100000, ABSOLUTE)

    Base Addr    Size         Type   Attr      Idx    E Section Name        Object

    0x08000000   0x00000188   Data   RO          321    RESET               startup_stm32f40_41xxx.o
    0x08000188   0x00000008   Code   RO         1741  * !!!main             c_w.l(__main.o)
    0x08000190   0x00000034   Code   RO         1938    !!!scatter          c_w.l(__scatter.o)
    0x080001c4   0x0000005a   Code   RO         1936    !!dczerorl2         c_w.l(__dczerorl2.o)
    0x0800021e   0x00000002   PAD
    0x08000220   0x0000001c   Code   RO         1940    !!handler_zi        c_w.l(__scatter_zi.o)
    0x0800023c   0x00000000   Code   RO         1738    .ARM.Collect$$_printf_percent$$00000000  c_w.l(_printf_percent.o)
    0x0800023c   0x00000006   Code   RO         1737    .ARM.Collect$$_printf_percent$$00000009  c_w.l(_printf_d.o)
    0x08000242   0x00000004   Code   RO         1774    .ARM.Collect$$_printf_percent$$00000017  c_w.l(_printf_percent_end.o)
    0x08000246   0x00000002   Code   RO         1810    .ARM.Collect$$libinit$$00000000  c_w.l(libinit.o)
    0x08000248   0x00000004   Code   RO         1816    .ARM.Collect$$libinit$$00000001  c_w.l(libinit2.o)
    0x0800024c   0x00000000   Code   RO         1819    .ARM.Collect$$libinit$$00000004  c_w.l(libinit2.o)
    0x0800024c   0x00000000   Code   RO         1822    .ARM.Collect$$libinit$$0000000A  c_w.l(libinit2.o)
    0x0800024c   0x00000000   Code   RO         1824    .ARM.Collect$$libinit$$0000000C  c_w.l(libinit2.o)
    0x0800024c   0x00000000   Code   RO         1826    .ARM.Collect$$libinit$$0000000E  c_w.l(libinit2.o)
    0x0800024c   0x00000000   Code   RO         1829    .ARM.Collect$$libinit$$00000011  c_w.l(libinit2.o)
    0x0800024c   0x00000000   Code   RO         1831    .ARM.Collect$$libinit$$00000013  c_w.l(libinit2.o)
    0x0800024c   0x00000000   Code   RO         1833    .ARM.Collect$$libinit$$00000015  c_w.l(libinit2.o)
    0x0800024c   0x00000000   Code   RO         1835    .ARM.Collect$$libinit$$00000017  c_w.l(libinit2.o)
    0x0800024c   0x00000000   Code   RO         1837    .ARM.Collect$$libinit$$00000019  c_w.l(libinit2.o)
    0x0800024c   0x00000000   Code   RO         1839    .ARM.Collect$$libinit$$0000001B  c_w.l(libinit2.o)
    0x0800024c   0x00000000   Code   RO         1841    .ARM.Collect$$libinit$$0000001D  c_w.l(libinit2.o)
    0x0800024c   0x00000000   Code   RO         1843    .ARM.Collect$$libinit$$0000001F  c_w.l(libinit2.o)
    0x0800024c   0x00000000   Code   RO         1845    .ARM.Collect$$libinit$$00000021  c_w.l(libinit2.o)
    0x0800024c   0x00000000   Code   RO         1847    .ARM.Collect$$libinit$$00000023  c_w.l(libinit2.o)
    0x0800024c   0x00000000   Code   RO         1849    .ARM.Collect$$libinit$$00000025  c_w.l(libinit2.o)
    0x0800024c   0x00000000   Code   RO         1853    .ARM.Collect$$libinit$$0000002C  c_w.l(libinit2.o)
    0x0800024c   0x00000000   Code   RO         1855    .ARM.Collect$$libinit$$0000002E  c_w.l(libinit2.o)
    0x0800024c   0x00000000   Code   RO         1857    .ARM.Collect$$libinit$$00000030  c_w.l(libinit2.o)
    0x0800024c   0x00000000   Code   RO         1859    .ARM.Collect$$libinit$$00000032  c_w.l(libinit2.o)
    0x0800024c   0x00000002   Code   RO         1860    .ARM.Collect$$libinit$$00000033  c_w.l(libinit2.o)
    0x0800024e   0x00000002   Code   RO         1878    .ARM.Collect$$libshutdown$$00000000  c_w.l(libshutdown.o)
    0x08000250   0x00000000   Code   RO         1888    .ARM.Collect$$libshutdown$$00000002  c_w.l(libshutdown2.o)
    0x08000250   0x00000000   Code   RO         1890    .ARM.Collect$$libshutdown$$00000004  c_w.l(libshutdown2.o)
    0x08000250   0x00000000   Code   RO         1893    .ARM.Collect$$libshutdown$$00000007  c_w.l(libshutdown2.o)
    0x08000250   0x00000000   Code   RO         1896    .ARM.Collect$$libshutdown$$0000000A  c_w.l(libshutdown2.o)
    0x08000250   0x00000000   Code   RO         1898    .ARM.Collect$$libshutdown$$0000000C  c_w.l(libshutdown2.o)
    0x08000250   0x00000000   Code   RO         1901    .ARM.Collect$$libshutdown$$0000000F  c_w.l(libshutdown2.o)
    0x08000250   0x00000002   Code   RO         1902    .ARM.Collect$$libshutdown$$00000010  c_w.l(libshutdown2.o)
    0x08000252   0x00000000   Code   RO         1767    .ARM.Collect$$rtentry$$00000000  c_w.l(__rtentry.o)
    0x08000252   0x00000000   Code   RO         1785    .ARM.Collect$$rtentry$$00000002  c_w.l(__rtentry2.o)
    0x08000252   0x00000006   Code   RO         1797    .ARM.Collect$$rtentry$$00000004  c_w.l(__rtentry4.o)
    0x08000258   0x00000000   Code   RO         1787    .ARM.Collect$$rtentry$$00000009  c_w.l(__rtentry2.o)
    0x08000258   0x00000004   Code   RO         1788    .ARM.Collect$$rtentry$$0000000A  c_w.l(__rtentry2.o)
    0x0800025c   0x00000000   Code   RO         1790    .ARM.Collect$$rtentry$$0000000C  c_w.l(__rtentry2.o)
    0x0800025c   0x00000008   Code   RO         1791    .ARM.Collect$$rtentry$$0000000D  c_w.l(__rtentry2.o)
    0x08000264   0x00000002   Code   RO         1814    .ARM.Collect$$rtexit$$00000000  c_w.l(rtexit.o)
    0x08000266   0x00000000   Code   RO         1862    .ARM.Collect$$rtexit$$00000002  c_w.l(rtexit2.o)
    0x08000266   0x00000004   Code   RO         1863    .ARM.Collect$$rtexit$$00000003  c_w.l(rtexit2.o)
    0x0800026a   0x00000006   Code   RO         1864    .ARM.Collect$$rtexit$$00000004  c_w.l(rtexit2.o)
    0x08000270   0x0000057c   Code   RO            3    .text               main.o
    0x080007ec   0x0000001a   Code   RO          226    .text               stm32f4xx_it.o
    0x08000806   0x00000002   PAD
    0x08000808   0x00000210   Code   RO          275    .text               system_stm32f4xx.o
    0x08000a18   0x000000a4   Code   RO          301    .text               common.o
    0x08000abc   0x00000040   Code   RO          322    .text               startup_stm32f40_41xxx.o
    0x08000afc   0x000000e0   Code   RO          328    .text               misc.o
    0x08000bdc   0x00000110   Code   RO          591    .text               stm32f4xx_exti.o
    0x08000cec   0x00000294   Code   RO          677    .text               stm32f4xx_gpio.o
    0x08000f80   0x0000016c   Code   RO          820    .text               stm32f4xx_pwr.o
    0x080010ec   0x0000065c   Code   RO          840    .text               stm32f4xx_rcc.o
    0x08001748   0x00000d68   Code   RO          882    .text               stm32f4xx_rtc.o
    0x080024b0   0x00000480   Code   RO          945    .text               stm32f4xx_spi.o
    0x08002930   0x00000094   Code   RO          965    .text               stm32f4xx_syscfg.o
    0x080029c4   0x00000ca2   Code   RO          985    .text               stm32f4xx_tim.o
    0x08003666   0x00000002   PAD
    0x08003668   0x00000454   Code   RO         1005    .text               stm32f4xx_usart.o
    0x08003abc   0x00000104   Code   RO         1045    .text               delay.o
    0x08003bc0   0x000000ec   Code   RO         1085    .text               key.o
    0x08003cac   0x00000070   Code   RO         1106    .text               led.o
    0x08003d1c   0x00000794   Code   RO         1126    .text               encode.o
    0x080044b0   0x00000218   Code   RO         1146    .text               exit.o
    0x080046c8   0x00000908   Code   RO         1171    .text               oled.o
    0x08004fd0   0x00000864   Code   RO         1199    .text               pwm.o
    0x08005834   0x000006e0   Code   RO         1222    .text               usart.o
    0x08005f14   0x00000648   Code   RO         1249    .text               times.o
    0x0800655c   0x00000354   Code   RO         1269    .text               24l01.o
    0x080068b0   0x00000118   Code   RO         1295    .text               spi.o
    0x080069c8   0x000001d8   Code   RO         1315    .text               map_rx_tx.o
    0x08006ba0   0x00000194   Code   RO         1344    .text               camear_tx_rx.o
    0x08006d34   0x0000011c   Code   RO         1372    .text               top_rx_tx.o
    0x08006e50   0x00000090   Code   RO         1399    .text               near.o
    0x08006ee0   0x00000268   Code   RO         1419    .text               rtc.o
    0x08007148   0x00000d24   Code   RO         1476    .text               besicmovement.o
    0x08007e6c   0x00000648   Code   RO         1500    .text               control.o
    0x080084b4   0x00000160   Code   RO         1522    .text               pid.o
    0x08008614   0x00000ef8   Code   RO         1536    .text               runingcontrol.o
    0x0800950c   0x00006500   Code   RO         1560    .text               panda.o
    0x0800fa0c   0x0000017c   Code   RO         1585    .text               remotecontrol.o
    0x0800fb88   0x00000720   Code   RO         1609    .text               crawmanger.o
    0x080102a8   0x000000d8   Code   RO         1636    .text               arm_cortexM4lf_math.lib(arm_cos_f32.o)
    0x08010380   0x000000d8   Code   RO         1683    .text               arm_cortexM4lf_math.lib(arm_sin_f32.o)
    0x08010458   0x00000002   Code   RO         1705    .text               c_w.l(use_no_semi_2.o)
    0x0801045a   0x00000002   PAD
    0x0801045c   0x00000028   Code   RO         1709    .text               c_w.l(noretval__2sprintf.o)
    0x08010484   0x0000004e   Code   RO         1713    .text               c_w.l(_printf_pad.o)
    0x080104d2   0x00000002   PAD
    0x080104d4   0x00000078   Code   RO         1715    .text               c_w.l(_printf_dec.o)
    0x0801054c   0x00000138   Code   RO         1729    .text               c_w.l(__printf_flags_wp.o)
    0x08010684   0x00000006   Code   RO         1739    .text               c_w.l(heapauxi.o)
    0x0801068a   0x00000002   Code   RO         1765    .text               c_w.l(use_no_semi.o)
    0x0801068c   0x000000b2   Code   RO         1768    .text               c_w.l(_printf_intcommon.o)
    0x0801073e   0x00000002   PAD
    0x08010740   0x00000030   Code   RO         1770    .text               c_w.l(_printf_char_common.o)
    0x08010770   0x0000000a   Code   RO         1772    .text               c_w.l(_sputc.o)
    0x0801077a   0x0000004a   Code   RO         1801    .text               c_w.l(sys_stackheap_outer.o)
    0x080107c4   0x00000012   Code   RO         1803    .text               c_w.l(exit.o)
    0x080107d6   0x00000002   PAD
    0x080107d8   0x00000008   Code   RO         1811    .text               c_w.l(libspace.o)
    0x080107e0   0x0000000e   Code   RO         1727    i._is_digit         c_w.l(__printf_wp.o)
    0x080107ee   0x00000002   PAD
    0x080107f0   0x00000062   Code   RO         1743    x$fpl$d2f           fz_wm.l(d2f.o)
    0x08010852   0x00000002   PAD
    0x08010854   0x00000150   Code   RO         1745    x$fpl$dadd          fz_wm.l(daddsub_clz.o)
    0x080109a4   0x0000005e   Code   RO         1751    x$fpl$dfix          fz_wm.l(dfix.o)
    0x08010a02   0x0000002e   Code   RO         1756    x$fpl$dflt          fz_wm.l(dflt_clz.o)
    0x08010a30   0x00000154   Code   RO         1761    x$fpl$dmul          fz_wm.l(dmul.o)
    0x08010b84   0x0000009c   Code   RO         1775    x$fpl$dnaninf       fz_wm.l(dnaninf.o)
    0x08010c20   0x0000000c   Code   RO         1777    x$fpl$dretinf       fz_wm.l(dretinf.o)
    0x08010c2c   0x00000016   Code   RO         1746    x$fpl$drsb          fz_wm.l(daddsub_clz.o)
    0x08010c42   0x00000002   PAD
    0x08010c44   0x000001d4   Code   RO         1747    x$fpl$dsub          fz_wm.l(daddsub_clz.o)
    0x08010e18   0x00000056   Code   RO         1763    x$fpl$f2d           fz_wm.l(f2d.o)
    0x08010e6e   0x0000008c   Code   RO         1779    x$fpl$fnaninf       fz_wm.l(fnaninf.o)
    0x08010efa   0x0000000a   Code   RO         1870    x$fpl$fpinit        fz_wm.l(fpinit.o)
    0x08010f04   0x0000000a   Code   RO         1781    x$fpl$fretinf       fz_wm.l(fretinf.o)
    0x08010f0e   0x00000000   Code   RO         1783    x$fpl$usenofp       fz_wm.l(usenofp.o)
    0x08010f0e   0x00001574   Data   RO         1173    .constdata          oled.o
    0x08012482   0x0000000a   Data   RO         1270    .constdata          24l01.o
    0x0801248c   0x00000410   Data   RO         1637    .constdata          arm_cortexM4lf_math.lib(arm_cos_f32.o)
    0x0801289c   0x0000040c   Data   RO         1684    .constdata          arm_cortexM4lf_math.lib(arm_sin_f32.o)
    0x08012ca8   0x00000011   Data   RO         1730    .constdata          c_w.l(__printf_flags_wp.o)
    0x08012cb9   0x00000003   PAD
    0x08012cbc   0x00000020   Data   RO         1934    Region$$Table       anon$$obj.o


    Execution Region RW_IRAM1 (Base: 0x20000000, Size: 0x00001760, Max: 0x00020000, ABSOLUTE, COMPRESSED[0x0000052c])

    Base Addr    Size         Type   Attr      Idx    E Section Name        Object

    0x20000000   0x00000010   Data   RW            5    .data               main.o
    0x20000010   0x00000014   Data   RW          276    .data               system_stm32f4xx.o
    0x20000024   0x00000010   Data   RW          841    .data               stm32f4xx_rcc.o
    0x20000034   0x00000004   Data   RW         1046    .data               delay.o
    0x20000038   0x00000001   Data   RW         1086    .data               key.o
    0x20000039   0x00000983   Data   RW         1174    .data               oled.o
    0x200009bc   0x00000014   Data   RW         1200    .data               pwm.o
    0x200009d0   0x0000000e   Data   RW         1317    .data               map_rx_tx.o
    0x200009de   0x00000018   Data   RW         1346    .data               camear_tx_rx.o
    0x200009f6   0x00000011   Data   RW         1373    .data               top_rx_tx.o
    0x20000a07   0x00000001   PAD
    0x20000a08   0x00000006   Data   RW         1420    .data               rtc.o
    0x20000a0e   0x00000008   Data   RW         1477    .data               besicmovement.o
    0x20000a16   0x00000002   PAD
    0x20000a18   0x00000013   Data   RW         1502    .data               control.o
    0x20000a2b   0x00000001   PAD
    0x20000a2c   0x00000008   Data   RW         1538    .data               runingcontrol.o
    0x20000a34   0x00000176   Data   RW         1562    .data               panda.o
    0x20000baa   0x00000006   Data   RW         1587    .data               remotecontrol.o
    0x20000bb0   0x00000005   Data   RW         1610    .data               crawmanger.o
    0x20000bb5   0x00000003   PAD
    0x20000bb8   0x00000400   Zero   RW         1172    .bss                oled.o
    0x20000fb8   0x00000033   Zero   RW         1316    .bss                map_rx_tx.o
    0x20000feb   0x00000015   Zero   RW         1345    .bss                camear_tx_rx.o
    0x20001000   0x000000b8   Zero   RW         1501    .bss                control.o
    0x200010b8   0x0000002c   Zero   RW         1537    .bss                runingcontrol.o
    0x200010e4   0x00000010   Zero   RW         1561    .bss                panda.o
    0x200010f4   0x0000000c   Zero   RW         1586    .bss                remotecontrol.o
    0x20001100   0x00000060   Zero   RW         1812    .bss                c_w.l(libspace.o)
    0x20001160   0x00000200   Zero   RW          320    HEAP                startup_stm32f40_41xxx.o
    0x20001360   0x00000400   Zero   RW          319    STACK               startup_stm32f40_41xxx.o



  Load Region LR$$.ARM.__AT_0x10000000 (Base: 0x10000000, Size: 0x00000000, Max: 0x0000f000, ABSOLUTE)

    Execution Region ER$$.ARM.__AT_0x10000000 (Base: 0x10000000, Size: 0x0000f000, Max: 0x0000f000, ABSOLUTE, UNINIT)

    Base Addr    Size         Type   Attr      Idx    E Section Name        Object

    0x10000000   0x0000f000   Zero   RW         1447    .ARM.__AT_0x10000000  malloc.o



  Load Region LR$$.ARM.__AT_0x1000F000 (Base: 0x1000f000, Size: 0x00000000, Max: 0x00000f00, ABSOLUTE)

    Execution Region ER$$.ARM.__AT_0x1000F000 (Base: 0x1000f000, Size: 0x00000f00, Max: 0x00000f00, ABSOLUTE, UNINIT)

    Base Addr    Size         Type   Attr      Idx    E Section Name        Object

    0x1000f000   0x00000f00   Zero   RW         1448    .ARM.__AT_0x1000F000  malloc.o


==============================================================================

Image component sizes


      Code (inc. data)   RO Data    RW Data    ZI Data      Debug   Object Name

       852         38         10          0          0       3913   24l01.o
      3364        156          0          8          0       5735   besicmovement.o
       404         60          0         24         21       1888   camear_tx_rx.o
       164         10          0          0          0        535   common.o
      1608        104          0         19        184       3085   control.o
      1824         32          0          5          0       3413   crawmanger.o
       260          8          0          4          0       1461   delay.o
      1940         50          0          0          0       4264   encode.o
       536         20          0          0          0       1467   exit.o
       236          8          0          1          0        856   key.o
       112          4          0          0          0        543   led.o
      1404        198          0         16          0     315826   main.o
         0          0          0          0      65280       1497   malloc.o
       472         50          0         14         51       1570   map_rx_tx.o
       224         20          0          0          0       1797   misc.o
       144          6          0          0          0        799   near.o
      2312         28       5492       2435       1024       9294   oled.o
     25856        812          0        374         16      17176   panda.o
       352          6          0          0          0       1754   pid.o
      2148         62          0         20          0       4074   pwm.o
       380         22          0          6         12       1310   remotecontrol.o
       616         10          0          6          0       3419   rtc.o
      3832        140          0          8         44       7121   runingcontrol.o
       280          8          0          0          0       1065   spi.o
        64         26        392          0       1536        820   startup_stm32f40_41xxx.o
       272         10          0          0          0       2263   stm32f4xx_exti.o
       660         44          0          0          0       4137   stm32f4xx_gpio.o
        26          0          0          0          0       1210   stm32f4xx_it.o
       364         12          0          0          0       3783   stm32f4xx_pwr.o
      1628         52          0         16          0      13004   stm32f4xx_rcc.o
      3432         44          0          0          0      15412   stm32f4xx_rtc.o
      1152         36          0          0          0       6885   stm32f4xx_spi.o
       148         12          0          0          0       1833   stm32f4xx_syscfg.o
      3234         60          0          0          0      22992   stm32f4xx_tim.o
      1108         34          0          0          0       7860   stm32f4xx_usart.o
       528         46          0         20          0       1747   system_stm32f4xx.o
      1608        114          0          0          0       3208   times.o
       284         30          0         17          0       1775   top_rx_tx.o
      1760         98          0          0          0       5212   usart.o

    ----------------------------------------------------------------------
     65592       2470       5926       3000      68168     486003   Object Totals
         0          0         32          0          0          0   (incl. Generated)
         4          0          0          7          0          0   (incl. Padding)

    ----------------------------------------------------------------------

      Code (inc. data)   RO Data    RW Data    ZI Data      Debug   Library Member Name

       216         22       1040          0          0      16570   arm_cos_f32.o
       216         22       1036          0          0       1382   arm_sin_f32.o
        90          0          0          0          0          0   __dczerorl2.o
         8          0          0          0          0         68   __main.o
       312          4         17          0          0         92   __printf_flags_wp.o
        14          0          0          0          0         68   __printf_wp.o
         0          0          0          0          0          0   __rtentry.o
        12          0          0          0          0          0   __rtentry2.o
         6          0          0          0          0          0   __rtentry4.o
        52          8          0          0          0          0   __scatter.o
        28          0          0          0          0          0   __scatter_zi.o
        48          6          0          0          0         96   _printf_char_common.o
         6          0          0          0          0          0   _printf_d.o
       120         16          0          0          0         92   _printf_dec.o
       178          0          0          0          0         88   _printf_intcommon.o
        78          0          0          0          0        108   _printf_pad.o
         0          0          0          0          0          0   _printf_percent.o
         4          0          0          0          0          0   _printf_percent_end.o
        10          0          0          0          0         68   _sputc.o
        18          0          0          0          0         80   exit.o
         6          0          0          0          0        152   heapauxi.o
         2          0          0          0          0          0   libinit.o
         6          0          0          0          0          0   libinit2.o
         2          0          0          0          0          0   libshutdown.o
         2          0          0          0          0          0   libshutdown2.o
         8          4          0          0         96         68   libspace.o
        40          6          0          0          0         84   noretval__2sprintf.o
         2          0          0          0          0          0   rtexit.o
        10          0          0          0          0          0   rtexit2.o
        74          0          0          0          0         80   sys_stackheap_outer.o
         2          0          0          0          0         68   use_no_semi.o
         2          0          0          0          0         68   use_no_semi_2.o
        98          4          0          0          0        140   d2f.o
       826         16          0          0          0        492   daddsub_clz.o
        94          4          0          0          0        140   dfix.o
        46          0          0          0          0        116   dflt_clz.o
       340         12          0          0          0        152   dmul.o
       156          4          0          0          0        140   dnaninf.o
        12          0          0          0          0        116   dretinf.o
        86          4          0          0          0        132   f2d.o
       140          4          0          0          0        132   fnaninf.o
        10          0          0          0          0        116   fpinit.o
        10          0          0          0          0        116   fretinf.o
         0          0          0          0          0          0   usenofp.o

    ----------------------------------------------------------------------
      3406        136       2096          0         96      21024   Library Totals
        16          0          3          0          0          0   (incl. Padding)

    ----------------------------------------------------------------------

      Code (inc. data)   RO Data    RW Data    ZI Data      Debug   Library Name

       432         44       2076          0          0      17952   arm_cortexM4lf_math.lib
      1140         44         17          0         96       1280   c_w.l
      1818         48          0          0          0       1792   fz_wm.l

    ----------------------------------------------------------------------
      3406        136       2096          0         96      21024   Library Totals

    ----------------------------------------------------------------------

==============================================================================


      Code (inc. data)   RO Data    RW Data    ZI Data      Debug   

     68998       2606       8022       3000      68264     497555   Grand Totals
     68998       2606       8022       1324      68264     497555   ELF Image Totals (compressed)
     68998       2606       8022       1324          0          0   ROM Totals

==============================================================================

    Total RO  Size (Code + RO Data)                77020 (  75.21kB)
    Total RW  Size (RW Data + ZI Data)             71264 (  69.59kB)
    Total ROM Size (Code + RO Data + RW Data)      78344 (  76.51kB)

==============================================================================

